../Drivers/STM32U5xx_HAL_Driver/Inc/stm32u5xx_ll_bus.h:845:22:LL_AHB2_GRP1_EnableClock	24	static
../Drivers/STM32U5xx_HAL_Driver/Inc/stm32u5xx_ll_bus.h:1895:22:LL_APB1_GRP2_EnableClock	24	static
../Core/Src/main.c:94:5:main	344	static
../Core/Src/main.c:271:6:SystemClock_Config	128	static
../Core/Src/main.c:329:13:SystemPower_Config	8	static
../Core/Src/main.c:349:13:MX_ADF1_Init	8	static
../Core/Src/main.c:403:13:MX_FDCAN1_Init	40	static
../Core/Src/main.c:483:13:MX_I2C2_Init	8	static
../Core/Src/main.c:531:13:MX_ICACHE_Init	8	static
../Core/Src/main.c:563:13:MX_OCTOSPI1_Init	40	static
../Core/Src/main.c:623:13:MX_OCTOSPI2_Init	40	static
../Core/Src/main.c:683:13:MX_SPI2_Init	24	static
../Core/Src/main.c:740:13:MX_UART4_Init	8	static
../Core/Src/main.c:788:13:MX_USART1_UART_Init	8	static
../Core/Src/main.c:836:13:MX_UCPD1_Init	32	static
../Core/Src/main.c:878:13:MX_USB_OTG_FS_PCD_Init	8	static
../Core/Src/main.c:914:13:MX_GPIO_Init	64	static
../Core/Src/main.c:1040:6:Error_Handler	4	static,ignoring_inline_asm
