Archive member included to satisfy reference by file (symbol)

/opt/st/stm32cubeide_1.19.0/plugins/com.st.stm32cube.ide.mcu.externaltools.gnu-tools-for-stm32.13.3.rel1.linux64_1.0.0.202410170706/tools/bin/../lib/gcc/arm-none-eabi/13.3.1/../../../../arm-none-eabi/lib/thumb/v8-m.main+fp/hard/libc_nano.a(libc_a-exit.o)
                              /opt/st/stm32cubeide_1.19.0/plugins/com.st.stm32cube.ide.mcu.externaltools.gnu-tools-for-stm32.13.3.rel1.linux64_1.0.0.202410170706/tools/bin/../lib/gcc/arm-none-eabi/13.3.1/../../../../arm-none-eabi/lib/thumb/v8-m.main+fp/hard/crt0.o (exit)
/opt/st/stm32cubeide_1.19.0/plugins/com.st.stm32cube.ide.mcu.externaltools.gnu-tools-for-stm32.13.3.rel1.linux64_1.0.0.202410170706/tools/bin/../lib/gcc/arm-none-eabi/13.3.1/../../../../arm-none-eabi/lib/thumb/v8-m.main+fp/hard/libc_nano.a(libc_a-ctype_.o)
                              ./Core/Src/main.o (_ctype_)
/opt/st/stm32cubeide_1.19.0/plugins/com.st.stm32cube.ide.mcu.externaltools.gnu-tools-for-stm32.13.3.rel1.linux64_1.0.0.202410170706/tools/bin/../lib/gcc/arm-none-eabi/13.3.1/../../../../arm-none-eabi/lib/thumb/v8-m.main+fp/hard/libc_nano.a(libc_a-findfp.o)
                              /opt/st/stm32cubeide_1.19.0/plugins/com.st.stm32cube.ide.mcu.externaltools.gnu-tools-for-stm32.13.3.rel1.linux64_1.0.0.202410170706/tools/bin/../lib/gcc/arm-none-eabi/13.3.1/../../../../arm-none-eabi/lib/thumb/v8-m.main+fp/hard/libc_nano.a(libc_a-exit.o) (__stdio_exit_handler)
/opt/st/stm32cubeide_1.19.0/plugins/com.st.stm32cube.ide.mcu.externaltools.gnu-tools-for-stm32.13.3.rel1.linux64_1.0.0.202410170706/tools/bin/../lib/gcc/arm-none-eabi/13.3.1/../../../../arm-none-eabi/lib/thumb/v8-m.main+fp/hard/libc_nano.a(libc_a-fwalk.o)
                              /opt/st/stm32cubeide_1.19.0/plugins/com.st.stm32cube.ide.mcu.externaltools.gnu-tools-for-stm32.13.3.rel1.linux64_1.0.0.202410170706/tools/bin/../lib/gcc/arm-none-eabi/13.3.1/../../../../arm-none-eabi/lib/thumb/v8-m.main+fp/hard/libc_nano.a(libc_a-findfp.o) (_fwalk_sglue)
/opt/st/stm32cubeide_1.19.0/plugins/com.st.stm32cube.ide.mcu.externaltools.gnu-tools-for-stm32.13.3.rel1.linux64_1.0.0.202410170706/tools/bin/../lib/gcc/arm-none-eabi/13.3.1/../../../../arm-none-eabi/lib/thumb/v8-m.main+fp/hard/libc_nano.a(libc_a-sprintf.o)
                              ./Core/Src/main.o (sprintf)
/opt/st/stm32cubeide_1.19.0/plugins/com.st.stm32cube.ide.mcu.externaltools.gnu-tools-for-stm32.13.3.rel1.linux64_1.0.0.202410170706/tools/bin/../lib/gcc/arm-none-eabi/13.3.1/../../../../arm-none-eabi/lib/thumb/v8-m.main+fp/hard/libc_nano.a(libc_a-stdio.o)
                              /opt/st/stm32cubeide_1.19.0/plugins/com.st.stm32cube.ide.mcu.externaltools.gnu-tools-for-stm32.13.3.rel1.linux64_1.0.0.202410170706/tools/bin/../lib/gcc/arm-none-eabi/13.3.1/../../../../arm-none-eabi/lib/thumb/v8-m.main+fp/hard/libc_nano.a(libc_a-findfp.o) (__sread)
/opt/st/stm32cubeide_1.19.0/plugins/com.st.stm32cube.ide.mcu.externaltools.gnu-tools-for-stm32.13.3.rel1.linux64_1.0.0.202410170706/tools/bin/../lib/gcc/arm-none-eabi/13.3.1/../../../../arm-none-eabi/lib/thumb/v8-m.main+fp/hard/libc_nano.a(libc_a-memset.o)
                              /opt/st/stm32cubeide_1.19.0/plugins/com.st.stm32cube.ide.mcu.externaltools.gnu-tools-for-stm32.13.3.rel1.linux64_1.0.0.202410170706/tools/bin/../lib/gcc/arm-none-eabi/13.3.1/../../../../arm-none-eabi/lib/thumb/v8-m.main+fp/hard/crt0.o (memset)
/opt/st/stm32cubeide_1.19.0/plugins/com.st.stm32cube.ide.mcu.externaltools.gnu-tools-for-stm32.13.3.rel1.linux64_1.0.0.202410170706/tools/bin/../lib/gcc/arm-none-eabi/13.3.1/../../../../arm-none-eabi/lib/thumb/v8-m.main+fp/hard/libc_nano.a(libc_a-closer.o)
                              /opt/st/stm32cubeide_1.19.0/plugins/com.st.stm32cube.ide.mcu.externaltools.gnu-tools-for-stm32.13.3.rel1.linux64_1.0.0.202410170706/tools/bin/../lib/gcc/arm-none-eabi/13.3.1/../../../../arm-none-eabi/lib/thumb/v8-m.main+fp/hard/libc_nano.a(libc_a-stdio.o) (_close_r)
/opt/st/stm32cubeide_1.19.0/plugins/com.st.stm32cube.ide.mcu.externaltools.gnu-tools-for-stm32.13.3.rel1.linux64_1.0.0.202410170706/tools/bin/../lib/gcc/arm-none-eabi/13.3.1/../../../../arm-none-eabi/lib/thumb/v8-m.main+fp/hard/libc_nano.a(libc_a-reent.o)
                              /opt/st/stm32cubeide_1.19.0/plugins/com.st.stm32cube.ide.mcu.externaltools.gnu-tools-for-stm32.13.3.rel1.linux64_1.0.0.202410170706/tools/bin/../lib/gcc/arm-none-eabi/13.3.1/../../../../arm-none-eabi/lib/thumb/v8-m.main+fp/hard/libc_nano.a(libc_a-closer.o) (errno)
/opt/st/stm32cubeide_1.19.0/plugins/com.st.stm32cube.ide.mcu.externaltools.gnu-tools-for-stm32.13.3.rel1.linux64_1.0.0.202410170706/tools/bin/../lib/gcc/arm-none-eabi/13.3.1/../../../../arm-none-eabi/lib/thumb/v8-m.main+fp/hard/libc_nano.a(libc_a-impure.o)
[...]
Memory Configuration

Name             Origin             Length             Attributes
RAM              0x20000000         0x000c0000         xrw
SRAM4            0x28000000         0x00004000         xrw
FLASH            0x08000000         0x00200000         xr
*default*        0x00000000         0xffffffff

Linker script and memory map

LOAD /opt/st/stm32cubeide_1.19.0/plugins/com.st.stm32cube.ide.mcu.externaltools.gnu-tools-for-stm32.13.3.rel1.linux64_1.0.0.202410170706/tools/bin/../lib/gcc/arm-none-eabi/13.3.1/thumb/v8-m.main+fp/hard/crti.o
LOAD /opt/st/stm32cubeide_1.19.0/plugins/com.st.stm32cube.ide.mcu.externaltools.gnu-tools-for-stm32.13.3.rel1.linux64_1.0.0.202410170706/tools/bin/../lib/gcc/arm-none-eabi/13.3.1/thumb/v8-m.main+fp/hard/crtbegin.o
LOAD /opt/st/stm32cubeide_1.19.0/plugins/com.st.stm32cube.ide.mcu.externaltools.gnu-tools-for-stm32.13.3.rel1.linux64_1.0.0.202410170706/tools/bin/../lib/gcc/arm-none-eabi/13.3.1/../../../../arm-none-eabi/lib/thumb/v8-m.main+fp/hard/crt0.o
LOAD ./Core/Src/main.o
LOAD ./Core/Src/stm32u5xx_hal_msp.o
LOAD ./Core/Src/stm32u5xx_it.o
LOAD ./Core/Src/syscalls.o
LOAD ./Core/Src/sysmem.o
LOAD ./Core/Src/system_stm32u5xx.o
LOAD ./Core/Startup/startup_stm32u585aiixq.o
LOAD ./Drivers/STM32U5xx_HAL_Driver/Src/stm32u5xx_hal.o
LOAD ./Drivers/STM32U5xx_HAL_Driver/Src/stm32u5xx_hal_cortex.o
LOAD ./Drivers/STM32U5xx_HAL_Driver/Src/stm32u5xx_hal_dma.o
LOAD ./Drivers/STM32U5xx_HAL_Driver/Src/stm32u5xx_hal_dma_ex.o
LOAD ./Drivers/STM32U5xx_HAL_Driver/Src/stm32u5xx_hal_exti.o
LOAD ./Drivers/STM32U5xx_HAL_Driver/Src/stm32u5xx_hal_fdcan.o
LOAD ./Drivers/STM32U5xx_HAL_Driver/Src/stm32u5xx_hal_flash.o
LOAD ./Drivers/STM32U5xx_HAL_Driver/Src/stm32u5xx_hal_flash_ex.o
LOAD ./Drivers/STM32U5xx_HAL_Driver/Src/stm32u5xx_hal_gpio.o
LOAD ./Drivers/STM32U5xx_HAL_Driver/Src/stm32u5xx_hal_gtzc.o
LOAD ./Drivers/STM32U5xx_HAL_Driver/Src/stm32u5xx_hal_i2c.o
LOAD ./Drivers/STM32U5xx_HAL_Driver/Src/stm32u5xx_hal_i2c_ex.o
LOAD ./Drivers/STM32U5xx_HAL_Driver/Src/stm32u5xx_hal_icache.o
LOAD ./Drivers/STM32U5xx_HAL_Driver/Src/stm32u5xx_hal_mdf.o
LOAD ./Drivers/STM32U5xx_HAL_Driver/Src/stm32u5xx_hal_ospi.o
LOAD ./Drivers/STM32U5xx_HAL_Driver/Src/stm32u5xx_hal_pcd.o
LOAD ./Drivers/STM32U5xx_HAL_Driver/Src/stm32u5xx_hal_pcd_ex.o
LOAD ./Drivers/STM32U5xx_HAL_Driver/Src/stm32u5xx_hal_pwr.o
LOAD ./Drivers/STM32U5xx_HAL_Driver/Src/stm32u5xx_hal_pwr_ex.o
LOAD ./Drivers/STM32U5xx_HAL_Driver/Src/stm32u5xx_hal_rcc.o
LOAD ./Drivers/STM32U5xx_HAL_Driver/Src/stm32u5xx_hal_rcc_ex.o
LOAD ./Drivers/STM32U5xx_HAL_Driver/Src/stm32u5xx_hal_spi.o
LOAD ./Drivers/STM32U5xx_HAL_Driver/Src/stm32u5xx_hal_spi_ex.o
LOAD ./Drivers/STM32U5xx_HAL_Driver/Src/stm32u5xx_hal_uart.o
LOAD ./Drivers/STM32U5xx_HAL_Driver/Src/stm32u5xx_hal_uart_ex.o
LOAD ./Drivers/STM32U5xx_HAL_Driver/Src/stm32u5xx_ll_dlyb.o
LOAD ./Drivers/STM32U5xx_HAL_Driver/Src/stm32u5xx_ll_dma.o
LOAD ./Drivers/STM32U5xx_HAL_Driver/Src/stm32u5xx_ll_exti.o
LOAD ./Drivers/STM32U5xx_HAL_Driver/Src/stm32u5xx_ll_gpio.o
LOAD ./Drivers/STM32U5xx_HAL_Driver/Src/stm32u5xx_ll_lpgpio.o
LOAD ./Drivers/STM32U5xx_HAL_Driver/Src/stm32u5xx_ll_ucpd.o
LOAD ./Drivers/STM32U5xx_HAL_Driver/Src/stm32u5xx_ll_usb.o
LOAD ./Drivers/STM32U5xx_HAL_Driver/Src/stm32u5xx_ll_utils.o
START GROUP
LOAD /opt/st/stm32cubeide_1.19.0/plugins/com.st.stm32cube.ide.mcu.externaltools.gnu-tools-for-stm32.13.3.rel1.linux64_1.0.0.202410170706/tools/bin/../lib/gcc/arm-none-eabi/13.3.1/../../../../arm-none-eabi/lib/thumb/v8-m.main+fp/hard/libc_nano.a
LOAD /opt/st/stm32cubeide_1.19.0/plugins/com.st.stm32cube.ide.mcu.externaltools.gnu-tools-for-stm32.13.3.rel1.linux64_1.0.0.202410170706/tools/bin/../lib/gcc/arm-none-eabi/13.3.1/../../../../arm-none-eabi/lib/thumb/v8-m.main+fp/hard/libm.a
END GROUP
START GROUP
LOAD /opt/st/stm32cubeide_1.19.0/plugins/com.st.stm32cube.ide.mcu.externaltools.gnu-tools-for-stm32.13.3.rel1.linux64_1.0.0.202410170706/tools/bin/../lib/gcc/arm-none-eabi/13.3.1/thumb/v8-m.main+fp/hard/libgcc.a
LOAD /opt/st/stm32cubeide_1.19.0/plugins/com.st.stm32cube.ide.mcu.externaltools.gnu-tools-for-stm32.13.3.rel1.linux64_1.0.0.202410170706/tools/bin/../lib/gcc/arm-none-eabi/13.3.1/../../../../arm-none-eabi/lib/thumb/v8-m.main+fp/hard/libc_nano.a
END GROUP
START GROUP
LOAD /opt/st/stm32cubeide_1.19.0/plugins/com.st.stm32cube.ide.mcu.externaltools.gnu-tools-for-stm32.13.3.rel1.linux64_1.0.0.202410170706/tools/bin/../lib/gcc/arm-none-eabi/13.3.1/thumb/v8-m.main+fp/hard/libgcc.a
LOAD /opt/st/stm32cubeide_1.19.0/plugins/com.st.stm32cube.ide.mcu.externaltools.gnu-tools-for-stm32.13.3.rel1.linux64_1.0.0.202410170706/tools/bin/../lib/gcc/arm-none-eabi/13.3.1/../../../../arm-none-eabi/lib/thumb/v8-m.main+fp/hard/libc_nano.a
LOAD /opt/st/stm32cubeide_1.19.0/plugins/com.st.stm32cube.ide.mcu.externaltools.gnu-tools-for-stm32.13.3.rel1.linux64_1.0.0.202410170706/tools/bin/../lib/gcc/arm-none-eabi/13.3.1/../../../../arm-none-eabi/lib/thumb/v8-m.main+fp/hard/libnosys.a
END GROUP
START GROUP
LOAD /opt/st/stm32cubeide_1.19.0/plugins/com.st.stm32cube.ide.mcu.externaltools.gnu-tools-for-stm32.13.3.rel1.linux64_1.0.0.202410170706/tools/bin/../lib/gcc/arm-none-eabi/13.3.1/thumb/v8-m.main+fp/hard/libgcc.a
LOAD /opt/st/stm32cubeide_1.19.0/plugins/com.st.stm32cube.ide.mcu.externaltools.gnu-tools-for-stm32.13.3.rel1.linux64_1.0.0.202410170706/tools/bin/../lib/gcc/arm-none-eabi/13.3.1/../../../../arm-none-eabi/lib/thumb/v8-m.main+fp/hard/libc_nano.a
LOAD /opt/st/stm32cubeide_1.19.0/plugins/com.st.stm32cube.ide.mcu.externaltools.gnu-tools-for-stm32.13.3.rel1.linux64_1.0.0.202410170706/tools/bin/../lib/gcc/arm-none-eabi/13.3.1/../../../../arm-none-eabi/lib/thumb/v8-m.main+fp/hard/libnosys.a
END GROUP
LOAD /opt/st/stm32cubeide_1.19.0/plugins/com.st.stm32cube.ide.mcu.externaltools.gnu-tools-for-stm32.13.3.rel1.linux64_1.0.0.202410170706/tools/bin/../lib/gcc/arm-none-eabi/13.3.1/thumb/v8-m.main+fp/hard/crtend.o
LOAD /opt/st/stm32cubeide_1.19.0/plugins/com.st.stm32cube.ide.mcu.externaltools.gnu-tools-for-stm32.13.3.rel1.linux64_1.0.0.202410170706/tools/bin/../lib/gcc/arm-none-eabi/13.3.1/thumb/v8-m.main+fp/hard/crtn.o
                0x200c0000                        _estack = (ORIGIN (RAM) + LENGTH (RAM))
                0x00000200                        _Min_Heap_Size = 0x200
                0x00000400                        _Min_Stack_Size = 0x400

.isr_vector     0x08000000      0x238
 *(.isr_vector)
 .isr_vector    0x08000000      0x238 ./Core/Startup/startup_stm32u585aiixq.o
                0x08000000                g_pfnVectors

.text           0x08000238     0xaf10
 *(.text)
 .text          0x08000238       0x40 /opt/st/stm32cubeide_1.19.0/plugins/com.st.stm32cube.ide.mcu.externaltools.gnu-tools-for-stm32.13.3.rel1.linux64_1.0.0.202410170706/tools/bin/../lib/gcc/arm-none-eabi/13.3.1/thumb/v8-m.main+fp/hard/crtbegin.o
 .text          0x08000278       0x10 /opt/st/stm32cubeide_1.19.0/plugins/com.st.stm32cube.ide.mcu.externaltools.gnu-tools-for-stm32.13.3.rel1.linux64_1.0.0.202410170706/tools/bin/../lib/gcc/arm-none-eabi/13.3.1/../../../../arm-none-eabi/lib/thumb/v8-m.main+fp/hard/libc_nano.a(libc_a-strlen.o)
                0x08000278                strlen
 .text          0x08000288       0x30 /opt/st/stm32cubeide_1.19.0/plugins/com.st.stm32cube.ide.mcu.externaltools.gnu-tools-for-stm32.13.3.rel1.linux64_1.0.0.202410170706/tools/bin/../lib/gcc/arm-none-eabi/13.3.1/thumb/v8-m.main+fp/hard/libgcc.a(_aeabi_uldivmod.o)
                0x08000288                __aeabi_uldivmod
 .text          0x080002b8      0x348 /opt/st/stm32cubeide_1.19.0/plugins/com.st.stm32cube.ide.mcu.externaltools.gnu-tools-for-stm32.13.3.rel1.linux64_1.0.0.202410170706/tools/bin/../lib/gcc/arm-none-eabi/13.3.1/thumb/v8-m.main+fp/hard/libgcc.a(_udivmoddi4.o)
                0x080002b8                __udivmoddi4
 .text          0x08000600        0x4 /opt/st/stm32cubeide_1.19.0/plugins/com.st.stm32cube.ide.mcu.externaltools.gnu-tools-for-stm32.13.3.rel1.linux64_1.0.0.202410170706/tools/bin/../lib/gcc/arm-none-eabi/13.3.1/thumb/v8-m.main+fp/hard/libgcc.a(_dvmd_tls.o)
                0x08000600                __aeabi_ldiv0
                0x08000600                __aeabi_idiv0
 *(.text*)
 .text.LL_AHB2_GRP1_EnableClock
                0x08000604       0x38 ./Core/Src/main.o
 .text.LL_APB1_GRP2_EnableClock
                0x0800063c       0x38 ./Core/Src/main.o
 .text.main     0x08000674      0x4cc ./Core/Src/main.o
                0x08000674                main
 .text.SystemClock_Config
                0x08000b40       0xc8 ./Core/Src/main.o
                0x08000b40                SystemClock_Config
 .text.SystemPower_Config
                0x08000c08       0x1c ./Core/Src/main.o
 .text.MX_ADF1_Init
                0x08000c24       0x9c ./Core/Src/main.o
 .text.MX_FDCAN1_Init
                0x08000cc0      0x17c ./Core/Src/main.o
 .text.MX_I2C2_Init
                0x08000e3c       0x80 ./Core/Src/main.o
 .text.MX_ICACHE_Init
                0x08000ebc       0x26 ./Core/Src/main.o
 *fill*         0x08000ee2        0x2 
 .text.MX_OCTOSPI1_Init
                0x08000ee4       0xf4 ./Core/Src/main.o
 .text.MX_OCTOSPI2_Init
                0x08000fd8       0xf8 ./Core/Src/main.o
 .text.MX_SPI2_Init
                0x080010d0       0xdc ./Core/Src/main.o
 .text.MX_UART4_Init
                0x080011ac       0x98 ./Core/Src/main.o
 .text.MX_USART1_UART_Init
                0x08001244       0x98 ./Core/Src/main.o
 .text.MX_UCPD1_Init
                0x080012dc       0x6c ./Core/Src/main.o
 .text.MX_USB_OTG_FS_PCD_Init
                0x08001348       0x64 ./Core/Src/main.o
 .text.MX_GPIO_Init
                0x080013ac      0x2d0 ./Core/Src/main.o
 .text.Error_Handler
                0x0800167c        0xc ./Core/Src/main.o
                0x0800167c                Error_Handler
 .text.HAL_MspInit
                0x08001688       0x38 ./Core/Src/stm32u5xx_hal_msp.o
                0x08001688                HAL_MspInit
 .text.HAL_MDF_MspInit
                0x080016c0       0xd4 ./Core/Src/stm32u5xx_hal_msp.o
                0x080016c0                HAL_MDF_MspInit
 .text.HAL_FDCAN_MspInit
                0x08001794       0xd4 ./Core/Src/stm32u5xx_hal_msp.o
                0x08001794                HAL_FDCAN_MspInit
 .text.HAL_I2C_MspInit
                0x08001868       0xd0 ./Core/Src/stm32u5xx_hal_msp.o
                0x08001868                HAL_I2C_MspInit
 .text.HAL_OSPI_MspInit
                0x08001938      0x4d4 ./Core/Src/stm32u5xx_hal_msp.o
                0x08001938                HAL_OSPI_MspInit
 .text.HAL_SPI_MspInit
                0x08001e0c      0x120 ./Core/Src/stm32u5xx_hal_msp.o
                0x08001e0c                HAL_SPI_MspInit
 .text.HAL_UART_MspInit
                0x08001f2c      0x170 ./Core/Src/stm32u5xx_hal_msp.o
                0x08001f2c                HAL_UART_MspInit
 .text.HAL_PCD_MspInit
                0x0800209c      0x118 ./Core/Src/stm32u5xx_hal_msp.o
                0x0800209c                HAL_PCD_MspInit
 .text.NMI_Handler
                0x080021b4        0x8 ./Core/Src/stm32u5xx_it.o
                0x080021b4                NMI_Handler
 .text.HardFault_Handler
                0x080021bc        0x8 ./Core/Src/stm32u5xx_it.o
                0x080021bc                HardFault_Handler
 .text.MemManage_Handler
                0x080021c4        0x8 ./Core/Src/stm32u5xx_it.o
                0x080021c4                MemManage_Handler
 .text.BusFault_Handler
                0x080021cc        0x8 ./Core/Src/stm32u5xx_it.o
                0x080021cc                BusFault_Handler
 .text.UsageFault_Handler
                0x080021d4        0x8 ./Core/Src/stm32u5xx_it.o
                0x080021d4                UsageFault_Handler
 .text.SVC_Handler
                0x080021dc        0xe ./Core/Src/stm32u5xx_it.o
                0x080021dc                SVC_Handler
 .text.DebugMon_Handler
                0x080021ea        0xe ./Core/Src/stm32u5xx_it.o
                0x080021ea                DebugMon_Handler
 .text.PendSV_Handler
                0x080021f8        0xe ./Core/Src/stm32u5xx_it.o
                0x080021f8                PendSV_Handler
 .text.SysTick_Handler
                0x08002206        0xc ./Core/Src/stm32u5xx_it.o
                0x08002206                SysTick_Handler
 *fill*         0x08002212        0x2 
 .text._sbrk    0x08002214       0x6c ./Core/Src/sysmem.o
                0x08002214                _sbrk
 .text.SystemInit
                0x08002280       0x70 ./Core/Src/system_stm32u5xx.o
                0x08002280                SystemInit
 .text.Reset_Handler
                0x080022f0       0x50 ./Core/Startup/startup_stm32u585aiixq.o
                0x080022f0                Reset_Handler
 .text.Default_Handler
                0x08002340        0x2 ./Core/Startup/startup_stm32u585aiixq.o
                0x08002340                EXTI2_IRQHandler
                0x08002340                TIM8_TRG_COM_IRQHandler
                0x08002340                TIM8_CC_IRQHandler
                0x08002340                EXTI5_IRQHandler
                0x08002340                FLASH_S_IRQHandler
                0x08002340                EXTI13_IRQHandler
                0x08002340                TIM1_CC_IRQHandler
                0x08002340                TSC_IRQHandler
                0x08002340                TAMP_IRQHandler
                0x08002340                TIM6_IRQHandler
                0x08002340                EXTI12_IRQHandler
                0x08002340                CORDIC_IRQHandler
                0x08002340                EXTI3_IRQHandler
                0x08002340                LPTIM4_IRQHandler
                0x08002340                GPDMA1_Channel5_IRQHandler
                0x08002340                EXTI8_IRQHandler
                0x08002340                LPTIM2_IRQHandler
                0x08002340                I2C3_ER_IRQHandler
                0x08002340                PWR_S3WU_IRQHandler
                0x08002340                MDF1_FLT2_IRQHandler
                0x08002340                LPDMA1_Channel3_IRQHandler
                0x08002340                LPTIM3_IRQHandler
                0x08002340                EXTI0_IRQHandler
                0x08002340                I2C2_EV_IRQHandler
                0x08002340                FPU_IRQHandler
                0x08002340                GPDMA1_Channel3_IRQHandler
                0x08002340                GPDMA1_Channel7_IRQHandler
                0x08002340                MDF1_FLT4_IRQHandler
                0x08002340                FDCAN1_IT1_IRQHandler
                0x08002340                RAMCFG_IRQHandler
                0x08002340                GPDMA1_Channel9_IRQHandler
                0x08002340                DCACHE1_IRQHandler
                0x08002340                SPI1_IRQHandler
                0x08002340                OCTOSPI1_IRQHandler
                0x08002340                GPDMA1_Channel2_IRQHandler
                0x08002340                TIM8_UP_IRQHandler
                0x08002340                RCC_S_IRQHandler
                0x08002340                OCTOSPI2_IRQHandler
                0x08002340                SAI2_IRQHandler
                0x08002340                MDF1_FLT1_IRQHandler
                0x08002340                ADC1_IRQHandler
                0x08002340                PKA_IRQHandler
                0x08002340                MDF1_FLT5_IRQHandler
                0x08002340                EXTI15_IRQHandler
                0x08002340                TIM17_IRQHandler
                0x08002340                USART3_IRQHandler
                0x08002340                RTC_IRQHandler
                0x08002340                EXTI9_IRQHandler
                0x08002340                UART5_IRQHandler
                0x08002340                TIM4_IRQHandler
                0x08002340                I2C1_EV_IRQHandler
                0x08002340                GPDMA1_Channel12_IRQHandler
                0x08002340                GPDMA1_Channel1_IRQHandler
                0x08002340                TIM16_IRQHandler
                0x08002340                GPDMA1_Channel15_IRQHandler
                0x08002340                UART4_IRQHandler
                0x08002340                SecureFault_Handler
                0x08002340                TIM3_IRQHandler
                0x08002340                RCC_IRQHandler
                0x08002340                TIM1_TRG_COM_IRQHandler
                0x08002340                Default_Handler
                0x08002340                GPDMA1_Channel8_IRQHandler
                0x08002340                FMAC_IRQHandler
                0x08002340                OTFDEC1_IRQHandler
                0x08002340                GPDMA1_Channel11_IRQHandler
                0x08002340                TIM7_IRQHandler
                0x08002340                SDMMC1_IRQHandler
                0x08002340                SAES_IRQHandler
                0x08002340                TIM5_IRQHandler
                0x08002340                UCPD1_IRQHandler
                0x08002340                GPDMA1_Channel0_IRQHandler
                0x08002340                TIM15_IRQHandler
                0x08002340                I2C3_EV_IRQHandler
                0x08002340                LPDMA1_Channel0_IRQHandler
                0x08002340                PVD_PVM_IRQHandler
                0x08002340                SPI2_IRQHandler
                0x08002340                LPDMA1_Channel1_IRQHandler
                0x08002340                EXTI14_IRQHandler
                0x08002340                EXTI11_IRQHandler
                0x08002340                OTFDEC2_IRQHandler
                0x08002340                CRS_IRQHandler
                0x08002340                GPDMA1_Channel14_IRQHandler
                0x08002340                LSECSSD_IRQHandler
                0x08002340                EXTI4_IRQHandler
                0x08002340                RTC_S_IRQHandler
                0x08002340                GPDMA1_Channel13_IRQHandler
                0x08002340                RNG_IRQHandler
                0x08002340                COMP_IRQHandler
                0x08002340                TIM1_UP_IRQHandler
                0x08002340                ADC4_IRQHandler
                0x08002340                WWDG_IRQHandler
                0x08002340                I2C4_EV_IRQHandler
                0x08002340                ADF1_IRQHandler
                0x08002340                IWDG_IRQHandler
                0x08002340                LPUART1_IRQHandler
                0x08002340                MDF1_FLT0_IRQHandler
                0x08002340                FDCAN1_IT0_IRQHandler
                0x08002340                TIM2_IRQHandler
                0x08002340                GPDMA1_Channel4_IRQHandler
                0x08002340                EXTI7_IRQHandler
                0x08002340                DMA2D_IRQHandler
                0x08002340                TIM1_BRK_IRQHandler
                0x08002340                EXTI1_IRQHandler
                0x08002340                SDMMC2_IRQHandler
                0x08002340                AES_IRQHandler
                0x08002340                DAC1_IRQHandler
                0x08002340                GTZC_IRQHandler
                0x08002340                MDF1_FLT3_IRQHandler
                0x08002340                USART2_IRQHandler
                0x08002340                GPDMA1_Channel6_IRQHandler
                0x08002340                I2C2_ER_IRQHandler
                0x08002340                TIM8_BRK_IRQHandler
                0x08002340                FLASH_IRQHandler
                0x08002340                USART1_IRQHandler
                0x08002340                EXTI10_IRQHandler
                0x08002340                OTG_FS_IRQHandler
                0x08002340                SPI3_IRQHandler
                0x08002340                LPDMA1_Channel2_IRQHandler
                0x08002340                I2C1_ER_IRQHandler
                0x08002340                FMC_IRQHandler
                0x08002340                EXTI6_IRQHandler
                0x08002340                LPTIM1_IRQHandler
                0x08002340                DCMI_PSSI_IRQHandler
                0x08002340                I2C4_ER_IRQHandler
                0x08002340                GPDMA1_Channel10_IRQHandler
                0x08002340                ICACHE_IRQHandler
                0x08002340                SAI1_IRQHandler
                0x08002340                HASH_IRQHandler
 *fill*         0x08002342        0x2 
 .text.HAL_Init
                0x08002344       0x60 ./Drivers/STM32U5xx_HAL_Driver/Src/stm32u5xx_hal.o
                0x08002344                HAL_Init
 .text.HAL_InitTick
                0x080023a4       0xec ./Drivers/STM32U5xx_HAL_Driver/Src/stm32u5xx_hal.o
                0x080023a4                HAL_InitTick
 .text.HAL_IncTick
                0x08002490       0x28 ./Drivers/STM32U5xx_HAL_Driver/Src/stm32u5xx_hal.o
                0x08002490                HAL_IncTick
 .text.HAL_GetTick
                0x080024b8       0x18 ./Drivers/STM32U5xx_HAL_Driver/Src/stm32u5xx_hal.o
                0x080024b8                HAL_GetTick
 .text.HAL_Delay
                0x080024d0       0x48 ./Drivers/STM32U5xx_HAL_Driver/Src/stm32u5xx_hal.o
                0x080024d0                HAL_Delay
 .text.__NVIC_SetPriorityGrouping
                0x08002518       0x48 ./Drivers/STM32U5xx_HAL_Driver/Src/stm32u5xx_hal_cortex.o
 .text.__NVIC_GetPriorityGrouping
                0x08002560       0x1c ./Drivers/STM32U5xx_HAL_Driver/Src/stm32u5xx_hal_cortex.o
 .text.__NVIC_SetPriority
                0x0800257c       0x54 ./Drivers/STM32U5xx_HAL_Driver/Src/stm32u5xx_hal_cortex.o
 .text.NVIC_EncodePriority
                0x080025d0       0x66 ./Drivers/STM32U5xx_HAL_Driver/Src/stm32u5xx_hal_cortex.o
 .text.HAL_NVIC_SetPriorityGrouping
                0x08002636       0x16 ./Drivers/STM32U5xx_HAL_Driver/Src/stm32u5xx_hal_cortex.o
                0x08002636                HAL_NVIC_SetPriorityGrouping
 .text.HAL_NVIC_SetPriority
                0x0800264c       0x34 ./Drivers/STM32U5xx_HAL_Driver/Src/stm32u5xx_hal_cortex.o
                0x0800264c                HAL_NVIC_SetPriority
 .text.HAL_SYSTICK_Config
                0x08002680       0x44 ./Drivers/STM32U5xx_HAL_Driver/Src/stm32u5xx_hal_cortex.o
                0x08002680                HAL_SYSTICK_Config
 .text.HAL_SYSTICK_CLKSourceConfig
                0x080026c4       0xb0 ./Drivers/STM32U5xx_HAL_Driver/Src/stm32u5xx_hal_cortex.o
                0x080026c4                HAL_SYSTICK_CLKSourceConfig
 .text.HAL_SYSTICK_GetCLKSourceConfig
                0x08002774       0x74 ./Drivers/STM32U5xx_HAL_Driver/Src/stm32u5xx_hal_cortex.o
                0x08002774                HAL_SYSTICK_GetCLKSourceConfig
 .text.HAL_DMA_Abort
                0x080027e8       0xf8 ./Drivers/STM32U5xx_HAL_Driver/Src/stm32u5xx_hal_dma.o
                0x080027e8                HAL_DMA_Abort
 .text.HAL_FDCAN_Init
                0x080028e0      0x2a4 ./Drivers/STM32U5xx_HAL_Driver/Src/stm32u5xx_hal_fdcan.o
                0x080028e0                HAL_FDCAN_Init
 .text.HAL_FDCAN_ConfigFilter
                0x08002b84       0xb4 ./Drivers/STM32U5xx_HAL_Driver/Src/stm32u5xx_hal_fdcan.o
                0x08002b84                HAL_FDCAN_ConfigFilter
 .text.HAL_FDCAN_Start
                0x08002c38       0x50 ./Drivers/STM32U5xx_HAL_Driver/Src/stm32u5xx_hal_fdcan.o
                0x08002c38                HAL_FDCAN_Start
 .text.HAL_FDCAN_AddMessageToTxFifoQ
                0x08002c88       0x88 ./Drivers/STM32U5xx_HAL_Driver/Src/stm32u5xx_hal_fdcan.o
                0x08002c88                HAL_FDCAN_AddMessageToTxFifoQ
 .text.HAL_FDCAN_GetRxMessage
                0x08002d10      0x210 ./Drivers/STM32U5xx_HAL_Driver/Src/stm32u5xx_hal_fdcan.o
                0x08002d10                HAL_FDCAN_GetRxMessage
 .text.HAL_FDCAN_GetProtocolStatus
                0x08002f20       0xa0 ./Drivers/STM32U5xx_HAL_Driver/Src/stm32u5xx_hal_fdcan.o
                0x08002f20                HAL_FDCAN_GetProtocolStatus
 .text.HAL_FDCAN_GetRxFifoFillLevel
                0x08002fc0       0x3c ./Drivers/STM32U5xx_HAL_Driver/Src/stm32u5xx_hal_fdcan.o
                0x08002fc0                HAL_FDCAN_GetRxFifoFillLevel
 .text.HAL_FDCAN_GetTxFifoFreeLevel
                0x08002ffc       0x24 ./Drivers/STM32U5xx_HAL_Driver/Src/stm32u5xx_hal_fdcan.o
                0x08002ffc                HAL_FDCAN_GetTxFifoFreeLevel
 .text.HAL_FDCAN_ActivateNotification
                0x08003020      0x1cc ./Drivers/STM32U5xx_HAL_Driver/Src/stm32u5xx_hal_fdcan.o
                0x08003020                HAL_FDCAN_ActivateNotification
 .text.FDCAN_CalcultateRamBlockAddresses
                0x080031ec       0xac ./Drivers/STM32U5xx_HAL_Driver/Src/stm32u5xx_hal_fdcan.o
 .text.FDCAN_CopyMessageToRAM
                0x08003298       0xf8 ./Drivers/STM32U5xx_HAL_Driver/Src/stm32u5xx_hal_fdcan.o
 .text.HAL_GPIO_Init
                0x08003390      0x3c0 ./Drivers/STM32U5xx_HAL_Driver/Src/stm32u5xx_hal_gpio.o
                0x08003390                HAL_GPIO_Init
 .text.HAL_GPIO_WritePin
                0x08003750       0x30 ./Drivers/STM32U5xx_HAL_Driver/Src/stm32u5xx_hal_gpio.o
                0x08003750                HAL_GPIO_WritePin
 .text.HAL_GPIO_TogglePin
                0x08003780       0x34 ./Drivers/STM32U5xx_HAL_Driver/Src/stm32u5xx_hal_gpio.o
                0x08003780                HAL_GPIO_TogglePin
 .text.HAL_I2C_Init
                0x080037b4      0x136 ./Drivers/STM32U5xx_HAL_Driver/Src/stm32u5xx_hal_i2c.o
                0x080037b4                HAL_I2C_Init
 .text.HAL_I2CEx_ConfigAnalogFilter
                0x080038ea       0x96 ./Drivers/STM32U5xx_HAL_Driver/Src/stm32u5xx_hal_i2c_ex.o
                0x080038ea                HAL_I2CEx_ConfigAnalogFilter
 .text.HAL_I2CEx_ConfigDigitalFilter
                0x08003980       0x98 ./Drivers/STM32U5xx_HAL_Driver/Src/stm32u5xx_hal_i2c_ex.o
                0x08003980                HAL_I2CEx_ConfigDigitalFilter
 .text.HAL_ICACHE_ConfigAssociativityMode
                0x08003a18       0x40 ./Drivers/STM32U5xx_HAL_Driver/Src/stm32u5xx_hal_icache.o
                0x08003a18                HAL_ICACHE_ConfigAssociativityMode
 .text.HAL_ICACHE_Enable
                0x08003a58       0x20 ./Drivers/STM32U5xx_HAL_Driver/Src/stm32u5xx_hal_icache.o
                0x08003a58                HAL_ICACHE_Enable
 .text.HAL_MDF_Init
                0x08003a78      0x2b0 ./Drivers/STM32U5xx_HAL_Driver/Src/stm32u5xx_hal_mdf.o
                0x08003a78                HAL_MDF_Init
 .text.MDF_GetHandleNumberFromInstance
                0x08003d28       0x88 ./Drivers/STM32U5xx_HAL_Driver/Src/stm32u5xx_hal_mdf.o
 .text.LL_DLYB_Enable
                0x08003db0       0x20 ./Drivers/STM32U5xx_HAL_Driver/Src/stm32u5xx_hal_ospi.o
 .text.HAL_OSPI_Init
                0x08003dd0      0x178 ./Drivers/STM32U5xx_HAL_Driver/Src/stm32u5xx_hal_ospi.o
                0x08003dd0                HAL_OSPI_Init
 .text.HAL_OSPI_Abort
                0x08003f48       0xea ./Drivers/STM32U5xx_HAL_Driver/Src/stm32u5xx_hal_ospi.o
                0x08003f48                HAL_OSPI_Abort
 .text.HAL_OSPI_SetTimeout
                0x08004032       0x1e ./Drivers/STM32U5xx_HAL_Driver/Src/stm32u5xx_hal_ospi.o
                0x08004032                HAL_OSPI_SetTimeout
 .text.HAL_OSPIM_Config
                0x08004050      0x9ec ./Drivers/STM32U5xx_HAL_Driver/Src/stm32u5xx_hal_ospi.o
                0x08004050                HAL_OSPIM_Config
 .text.OSPI_WaitFlagStateUntilTimeout
                0x08004a3c       0x7e ./Drivers/STM32U5xx_HAL_Driver/Src/stm32u5xx_hal_ospi.o
 *fill*         0x08004aba        0x2 
 .text.OSPIM_GetConfig
                0x08004abc      0x174 ./Drivers/STM32U5xx_HAL_Driver/Src/stm32u5xx_hal_ospi.o
 .text.HAL_OSPI_DLYB_SetConfig
                0x08004c30       0x90 ./Drivers/STM32U5xx_HAL_Driver/Src/stm32u5xx_hal_ospi.o
                0x08004c30                HAL_OSPI_DLYB_SetConfig
 .text.HAL_PCD_Init
                0x08004cc0      0x230 ./Drivers/STM32U5xx_HAL_Driver/Src/stm32u5xx_hal_pcd.o
                0x08004cc0                HAL_PCD_Init
 .text.HAL_PCDEx_ActivateLPM
                0x08004ef0       0x48 ./Drivers/STM32U5xx_HAL_Driver/Src/stm32u5xx_hal_pcd_ex.o
                0x08004ef0                HAL_PCDEx_ActivateLPM
 .text.HAL_PWREx_ControlVoltageScaling
                0x08004f38       0xfc ./Drivers/STM32U5xx_HAL_Driver/Src/stm32u5xx_hal_pwr_ex.o
                0x08004f38                HAL_PWREx_ControlVoltageScaling
 .text.HAL_PWREx_GetVoltageRange
                0x08005034       0x1c ./Drivers/STM32U5xx_HAL_Driver/Src/stm32u5xx_hal_pwr_ex.o
                0x08005034                HAL_PWREx_GetVoltageRange
 .text.HAL_PWREx_ConfigSupply
                0x08005050       0xa0 ./Drivers/STM32U5xx_HAL_Driver/Src/stm32u5xx_hal_pwr_ex.o
                0x08005050                HAL_PWREx_ConfigSupply
 .text.HAL_PWREx_EnableVddUSB
                0x080050f0       0x20 ./Drivers/STM32U5xx_HAL_Driver/Src/stm32u5xx_hal_pwr_ex.o
                0x080050f0                HAL_PWREx_EnableVddUSB
 .text.HAL_PWREx_EnableVddIO2
                0x08005110       0x20 ./Drivers/STM32U5xx_HAL_Driver/Src/stm32u5xx_hal_pwr_ex.o
                0x08005110                HAL_PWREx_EnableVddIO2
 .text.HAL_RCC_OscConfig
                0x08005130      0xdb8 ./Drivers/STM32U5xx_HAL_Driver/Src/stm32u5xx_hal_rcc.o
                0x08005130                HAL_RCC_OscConfig
 .text.HAL_RCC_ClockConfig
                0x08005ee8      0x3e4 ./Drivers/STM32U5xx_HAL_Driver/Src/stm32u5xx_hal_rcc.o
                0x08005ee8                HAL_RCC_ClockConfig
 .text.HAL_RCC_GetSysClockFreq
                0x080062cc      0x204 ./Drivers/STM32U5xx_HAL_Driver/Src/stm32u5xx_hal_rcc.o
                0x080062cc                HAL_RCC_GetSysClockFreq
 .text.HAL_RCC_GetHCLKFreq
                0x080064d0       0x34 ./Drivers/STM32U5xx_HAL_Driver/Src/stm32u5xx_hal_rcc.o
                0x080064d0                HAL_RCC_GetHCLKFreq
 .text.HAL_RCC_GetPCLK1Freq
                0x08006504       0x28 ./Drivers/STM32U5xx_HAL_Driver/Src/stm32u5xx_hal_rcc.o
                0x08006504                HAL_RCC_GetPCLK1Freq
 .text.HAL_RCC_GetPCLK2Freq
                0x0800652c       0x28 ./Drivers/STM32U5xx_HAL_Driver/Src/stm32u5xx_hal_rcc.o
                0x0800652c                HAL_RCC_GetPCLK2Freq
 .text.HAL_RCC_GetPCLK3Freq
                0x08006554       0x28 ./Drivers/STM32U5xx_HAL_Driver/Src/stm32u5xx_hal_rcc.o
                0x08006554                HAL_RCC_GetPCLK3Freq
 .text.RCC_SetFlashLatencyFromMSIRange
                0x0800657c      0x10c ./Drivers/STM32U5xx_HAL_Driver/Src/stm32u5xx_hal_rcc.o
 .text.HAL_RCCEx_PeriphCLKConfig
                0x08006688      0xb80 ./Drivers/STM32U5xx_HAL_Driver/Src/stm32u5xx_hal_rcc_ex.o
                0x08006688                HAL_RCCEx_PeriphCLKConfig
 .text.HAL_RCCEx_GetPLL1ClockFreq
                0x08007208      0x2b4 ./Drivers/STM32U5xx_HAL_Driver/Src/stm32u5xx_hal_rcc_ex.o
                0x08007208                HAL_RCCEx_GetPLL1ClockFreq
 .text.HAL_RCCEx_GetPLL2ClockFreq
                0x080074bc      0x2b4 ./Drivers/STM32U5xx_HAL_Driver/Src/stm32u5xx_hal_rcc_ex.o
                0x080074bc                HAL_RCCEx_GetPLL2ClockFreq
 .text.HAL_RCCEx_GetPLL3ClockFreq
                0x08007770      0x2b4 ./Drivers/STM32U5xx_HAL_Driver/Src/stm32u5xx_hal_rcc_ex.o
                0x08007770                HAL_RCCEx_GetPLL3ClockFreq
 .text.HAL_RCCEx_GetPeriphCLKFreq
                0x08007a24     0x13c4 ./Drivers/STM32U5xx_HAL_Driver/Src/stm32u5xx_hal_rcc_ex.o
                0x08007a24                HAL_RCCEx_GetPeriphCLKFreq
 .text.RCCEx_PLL2_Config
                0x08008de8      0x130 ./Drivers/STM32U5xx_HAL_Driver/Src/stm32u5xx_hal_rcc_ex.o
 .text.RCCEx_PLL3_Config
                0x08008f18      0x130 ./Drivers/STM32U5xx_HAL_Driver/Src/stm32u5xx_hal_rcc_ex.o
 .text.HAL_SPI_Init
                0x08009048      0x22c ./Drivers/STM32U5xx_HAL_Driver/Src/stm32u5xx_hal_spi.o
                0x08009048                HAL_SPI_Init
 .text.SPI_GetPacketSize
                0x08009274       0x36 ./Drivers/STM32U5xx_HAL_Driver/Src/stm32u5xx_hal_spi.o
 .text.HAL_SPIEx_SetConfigAutonomousMode
                0x080092aa       0x82 ./Drivers/STM32U5xx_HAL_Driver/Src/stm32u5xx_hal_spi_ex.o
                0x080092aa                HAL_SPIEx_SetConfigAutonomousMode
 .text.HAL_UART_Init
                0x0800932c       0xa0 ./Drivers/STM32U5xx_HAL_Driver/Src/stm32u5xx_hal_uart.o
                0x0800932c                HAL_UART_Init
 .text.HAL_UART_Transmit
                0x080093cc      0x13c ./Drivers/STM32U5xx_HAL_Driver/Src/stm32u5xx_hal_uart.o
                0x080093cc                HAL_UART_Transmit
 .text.UART_SetConfig
                0x08009508      0x344 ./Drivers/STM32U5xx_HAL_Driver/Src/stm32u5xx_hal_uart.o
                0x08009508                UART_SetConfig
 .text.UART_AdvFeatureConfig
                0x0800984c      0x144 ./Drivers/STM32U5xx_HAL_Driver/Src/stm32u5xx_hal_uart.o
                0x0800984c                UART_AdvFeatureConfig
 .text.UART_CheckIdleState
                0x08009990      0x154 ./Drivers/STM32U5xx_HAL_Driver/Src/stm32u5xx_hal_uart.o
                0x08009990                UART_CheckIdleState
 .text.UART_WaitOnFlagUntilTimeout
                0x08009ae4       0xda ./Drivers/STM32U5xx_HAL_Driver/Src/stm32u5xx_hal_uart.o
                0x08009ae4                UART_WaitOnFlagUntilTimeout
 .text.UART_EndRxTransfer
                0x08009bbe       0xcc ./Drivers/STM32U5xx_HAL_Driver/Src/stm32u5xx_hal_uart.o
 .text.HAL_UARTEx_DisableFifoMode
                0x08009c8a       0x72 ./Drivers/STM32U5xx_HAL_Driver/Src/stm32u5xx_hal_uart_ex.o
                0x08009c8a                HAL_UARTEx_DisableFifoMode
 .text.HAL_UARTEx_SetTxFifoThreshold
                0x08009cfc       0x7c ./Drivers/STM32U5xx_HAL_Driver/Src/stm32u5xx_hal_uart_ex.o
                0x08009cfc                HAL_UARTEx_SetTxFifoThreshold
 .text.HAL_UARTEx_SetRxFifoThreshold
                0x08009d78       0x7c ./Drivers/STM32U5xx_HAL_Driver/Src/stm32u5xx_hal_uart_ex.o
                0x08009d78                HAL_UARTEx_SetRxFifoThreshold
 .text.UARTEx_SetNbDataToProcess
                0x08009df4       0x9c ./Drivers/STM32U5xx_HAL_Driver/Src/stm32u5xx_hal_uart_ex.o
 .text.LL_DLYB_SetDelay
                0x08009e90       0x3e ./Drivers/STM32U5xx_HAL_Driver/Src/stm32u5xx_ll_dlyb.o
                0x08009e90                LL_DLYB_SetDelay
 .text.LL_GPIO_SetPinMode
                0x08009ece       0x7a ./Drivers/STM32U5xx_HAL_Driver/Src/stm32u5xx_ll_gpio.o
 .text.LL_GPIO_SetPinOutputType
                0x08009f48       0x30 ./Drivers/STM32U5xx_HAL_Driver/Src/stm32u5xx_ll_gpio.o
 .text.LL_GPIO_SetPinSpeed
                0x08009f78       0x7a ./Drivers/STM32U5xx_HAL_Driver/Src/stm32u5xx_ll_gpio.o
 .text.LL_GPIO_SetPinPull
                0x08009ff2       0x7a ./Drivers/STM32U5xx_HAL_Driver/Src/stm32u5xx_ll_gpio.o
 .text.LL_GPIO_SetAFPin_0_7
                0x0800a06c       0x7a ./Drivers/STM32U5xx_HAL_Driver/Src/stm32u5xx_ll_gpio.o
 .text.LL_GPIO_SetAFPin_8_15
                0x0800a0e6       0x7e ./Drivers/STM32U5xx_HAL_Driver/Src/stm32u5xx_ll_gpio.o
 .text.LL_GPIO_Init
                0x0800a164       0xfc ./Drivers/STM32U5xx_HAL_Driver/Src/stm32u5xx_ll_gpio.o
                0x0800a164                LL_GPIO_Init
 .text.USB_CoreInit
                0x0800a260       0x5a ./Drivers/STM32U5xx_HAL_Driver/Src/stm32u5xx_ll_usb.o
                0x0800a260                USB_CoreInit
 .text.USB_DisableGlobalInt
                0x0800a2ba       0x22 ./Drivers/STM32U5xx_HAL_Driver/Src/stm32u5xx_ll_usb.o
                0x0800a2ba                USB_DisableGlobalInt
 .text.USB_SetCurrentMode
                0x0800a2dc       0x98 ./Drivers/STM32U5xx_HAL_Driver/Src/stm32u5xx_ll_usb.o
                0x0800a2dc                USB_SetCurrentMode
 .text.USB_DevInit
                0x0800a374      0x298 ./Drivers/STM32U5xx_HAL_Driver/Src/stm32u5xx_ll_usb.o
                0x0800a374                USB_DevInit
 .text.USB_FlushTxFifo
                0x0800a60c       0x64 ./Drivers/STM32U5xx_HAL_Driver/Src/stm32u5xx_ll_usb.o
                0x0800a60c                USB_FlushTxFifo
 .text.USB_FlushRxFifo
                0x0800a670       0x5c ./Drivers/STM32U5xx_HAL_Driver/Src/stm32u5xx_ll_usb.o
                0x0800a670                USB_FlushRxFifo
 .text.USB_SetDevSpeed
                0x0800a6cc       0x32 ./Drivers/STM32U5xx_HAL_Driver/Src/stm32u5xx_ll_usb.o
                0x0800a6cc                USB_SetDevSpeed
 .text.USB_DevDisconnect
                0x0800a6fe       0x42 ./Drivers/STM32U5xx_HAL_Driver/Src/stm32u5xx_ll_usb.o
                0x0800a6fe                USB_DevDisconnect
 .text.USB_GetMode
                0x0800a740       0x1c ./Drivers/STM32U5xx_HAL_Driver/Src/stm32u5xx_ll_usb.o
                0x0800a740                USB_GetMode
 .text.USB_CoreReset
                0x0800a75c       0x70 ./Drivers/STM32U5xx_HAL_Driver/Src/stm32u5xx_ll_usb.o
 .text.sprintf  0x0800a7cc       0x44 /opt/st/stm32cubeide_1.19.0/plugins/com.st.stm32cube.ide.mcu.externaltools.gnu-tools-for-stm32.13.3.rel1.linux64_1.0.0.202410170706/tools/bin/../lib/gcc/arm-none-eabi/13.3.1/../../../../arm-none-eabi/lib/thumb/v8-m.main+fp/hard/libc_nano.a(libc_a-sprintf.o)
                0x0800a7cc                sprintf
                0x0800a7cc                siprintf
 .text.memset   0x0800a810       0x10 /opt/st/stm32cubeide_1.19.0/plugins/com.st.stm32cube.ide.mcu.externaltools.gnu-tools-for-stm32.13.3.rel1.linux64_1.0.0.202410170706/tools/bin/../lib/gcc/arm-none-eabi/13.3.1/../../../../arm-none-eabi/lib/thumb/v8-m.main+fp/hard/libc_nano.a(libc_a-memset.o)
                0x0800a810                memset
 .text.__errno  0x0800a820        0xc /opt/st/stm32cubeide_1.19.0/plugins/com.st.stm32cube.ide.mcu.externaltools.gnu-tools-for-stm32.13.3.rel1.linux64_1.0.0.202410170706/tools/bin/../lib/gcc/arm-none-eabi/13.3.1/../../../../arm-none-eabi/lib/thumb/v8-m.main+fp/hard/libc_nano.a(libc_a-errno.o)
                0x0800a820                __errno
 .text.__libc_init_array
                0x0800a82c       0x48 /opt/st/stm32cubeide_1.19.0/plugins/com.st.stm32cube.ide.mcu.externaltools.gnu-tools-for-stm32.13.3.rel1.linux64_1.0.0.202410170706/tools/bin/../lib/gcc/arm-none-eabi/13.3.1/../../../../arm-none-eabi/lib/thumb/v8-m.main+fp/hard/libc_nano.a(libc_a-init.o)
                0x0800a82c                __libc_init_array
 .text.__retarget_lock_acquire_recursive
                0x0800a874        0x2 /opt/st/stm32cubeide_1.19.0/plugins/com.st.stm32cube.ide.mcu.externaltools.gnu-tools-for-stm32.13.3.rel1.linux64_1.0.0.202410170706/tools/bin/../lib/gcc/arm-none-eabi/13.3.1/../../../../arm-none-eabi/lib/thumb/v8-m.main+fp/hard/libc_nano.a(libc_a-lock.o)
                0x0800a874                __retarget_lock_acquire_recursive
 .text.__retarget_lock_release_recursive
                0x0800a876        0x2 /opt/st/stm32cubeide_1.19.0/plugins/com.st.stm32cube.ide.mcu.externaltools.gnu-tools-for-stm32.13.3.rel1.linux64_1.0.0.202410170706/tools/bin/../lib/gcc/arm-none-eabi/13.3.1/../../../../arm-none-eabi/lib/thumb/v8-m.main+fp/hard/libc_nano.a(libc_a-lock.o)
                0x0800a876                __retarget_lock_release_recursive
 .text._free_r  0x0800a878       0x94 /opt/st/stm32cubeide_1.19.0/plugins/com.st.stm32cube.ide.mcu.externaltools.gnu-tools-for-stm32.13.3.rel1.linux64_1.0.0.202410170706/tools/bin/../lib/gcc/arm-none-eabi/13.3.1/../../../../arm-none-eabi/lib/thumb/v8-m.main+fp/hard/libc_nano.a(libc_a-freer.o)
                0x0800a878                _free_r
 .text.sbrk_aligned
                0x0800a90c       0x44 /opt/st/stm32cubeide_1.19.0/plugins/com.st.stm32cube.ide.mcu.externaltools.gnu-tools-for-stm32.13.3.rel1.linux64_1.0.0.202410170706/tools/bin/../lib/gcc/arm-none-eabi/13.3.1/../../../../arm-none-eabi/lib/thumb/v8-m.main+fp/hard/libc_nano.a(libc_a-mallocr.o)
 .text._malloc_r
                0x0800a950      0x100 /opt/st/stm32cubeide_1.19.0/plugins/com.st.stm32cube.ide.mcu.externaltools.gnu-tools-for-stm32.13.3.rel1.linux64_1.0.0.202410170706/tools/bin/../lib/gcc/arm-none-eabi/13.3.1/../../../../arm-none-eabi/lib/thumb/v8-m.main+fp/hard/libc_nano.a(libc_a-mallocr.o)
                0x0800a950                _malloc_r
 .text.__malloc_lock
                0x0800aa50        0xc /opt/st/stm32cubeide_1.19.0/plugins/com.st.stm32cube.ide.mcu.externaltools.gnu-tools-for-stm32.13.3.rel1.linux64_1.0.0.202410170706/tools/bin/../lib/gcc/arm-none-eabi/13.3.1/../../../../arm-none-eabi/lib/thumb/v8-m.main+fp/hard/libc_nano.a(libc_a-mlock.o)
                0x0800aa50                __malloc_lock
 .text.__malloc_unlock
                0x0800aa5c        0xc /opt/st/stm32cubeide_1.19.0/plugins/com.st.stm32cube.ide.mcu.externaltools.gnu-tools-for-stm32.13.3.rel1.linux64_1.0.0.202410170706/tools/bin/../lib/gcc/arm-none-eabi/13.3.1/../../../../arm-none-eabi/lib/thumb/v8-m.main+fp/hard/libc_nano.a(libc_a-mlock.o)
                0x0800aa5c                __malloc_unlock
 .text.__ssputs_r
                0x0800aa68       0xb6 /opt/st/stm32cubeide_1.19.0/plugins/com.st.stm32cube.ide.mcu.externaltools.gnu-tools-for-stm32.13.3.rel1.linux64_1.0.0.202410170706/tools/bin/../lib/gcc/arm-none-eabi/13.3.1/../../../../arm-none-eabi/lib/thumb/v8-m.main+fp/hard/libc_nano.a(libc_a-nano-svfprintf.o)
                0x0800aa68                __ssputs_r
 *fill*         0x0800ab1e        0x2 
 .text._svfprintf_r
                0x0800ab20      0x1f8 /opt/st/stm32cubeide_1.19.0/plugins/com.st.stm32cube.ide.mcu.externaltools.gnu-tools-for-stm32.13.3.rel1.linux64_1.0.0.202410170706/tools/bin/../lib/gcc/arm-none-eabi/13.3.1/../../../../arm-none-eabi/lib/thumb/v8-m.main+fp/hard/libc_nano.a(libc_a-nano-svfprintf.o)
                0x0800ab20                _svfprintf_r
                0x0800ab20                _svfiprintf_r
 .text._printf_common
                0x0800ad18       0xe4 /opt/st/stm32cubeide_1.19.0/plugins/com.st.stm32cube.ide.mcu.externaltools.gnu-tools-for-stm32.13.3.rel1.linux64_1.0.0.202410170706/tools/bin/../lib/gcc/arm-none-eabi/13.3.1/../../../../arm-none-eabi/lib/thumb/v8-m.main+fp/hard/libc_nano.a(libc_a-nano-vfprintf_i.o)
                0x0800ad18                _printf_common
 .text._printf_i
                0x0800adfc      0x23c /opt/st/stm32cubeide_1.19.0/plugins/com.st.stm32cube.ide.mcu.externaltools.gnu-tools-for-stm32.13.3.rel1.linux64_1.0.0.202410170706/tools/bin/../lib/gcc/arm-none-eabi/13.3.1/../../../../arm-none-eabi/lib/thumb/v8-m.main+fp/hard/libc_nano.a(libc_a-nano-vfprintf_i.o)
                0x0800adfc                _printf_i
 .text.memmove  0x0800b038       0x34 /opt/st/stm32cubeide_1.19.0/plugins/com.st.stm32cube.ide.mcu.externaltools.gnu-tools-for-stm32.13.3.rel1.linux64_1.0.0.202410170706/tools/bin/../lib/gcc/arm-none-eabi/13.3.1/../../../../arm-none-eabi/lib/thumb/v8-m.main+fp/hard/libc_nano.a(libc_a-memmove.o)
                0x0800b038                memmove
 .text._sbrk_r  0x0800b06c       0x20 /opt/st/stm32cubeide_1.19.0/plugins/com.st.stm32cube.ide.mcu.externaltools.gnu-tools-for-stm32.13.3.rel1.linux64_1.0.0.202410170706/tools/bin/../lib/gcc/arm-none-eabi/13.3.1/../../../../arm-none-eabi/lib/thumb/v8-m.main+fp/hard/libc_nano.a(libc_a-sbrkr.o)
                0x0800b06c                _sbrk_r
 .text.memchr   0x0800b08c       0x1c /opt/st/stm32cubeide_1.19.0/plugins/com.st.stm32cube.ide.mcu.externaltools.gnu-tools-for-stm32.13.3.rel1.linux64_1.0.0.202410170706/tools/bin/../lib/gcc/arm-none-eabi/13.3.1/../../../../arm-none-eabi/lib/thumb/v8-m.main+fp/hard/libc_nano.a(libc_a-memchr-stub.o)
                0x0800b08c                memchr
 .text.memcpy   0x0800b0a8       0x1a /opt/st/stm32cubeide_1.19.0/plugins/com.st.stm32cube.ide.mcu.externaltools.gnu-tools-for-stm32.13.3.rel1.linux64_1.0.0.202410170706/tools/bin/../lib/gcc/arm-none-eabi/13.3.1/../../../../arm-none-eabi/lib/thumb/v8-m.main+fp/hard/libc_nano.a(libc_a-memcpy-stub.o)
                0x0800b0a8                memcpy
 .text._realloc_r
                0x0800b0c2       0x5c /opt/st/stm32cubeide_1.19.0/plugins/com.st.stm32cube.ide.mcu.externaltools.gnu-tools-for-stm32.13.3.rel1.linux64_1.0.0.202410170706/tools/bin/../lib/gcc/arm-none-eabi/13.3.1/../../../../arm-none-eabi/lib/thumb/v8-m.main+fp/hard/libc_nano.a(libc_a-reallocr.o)
                0x0800b0c2                _realloc_r
 .text._malloc_usable_size_r
                0x0800b11e       0x10 /opt/st/stm32cubeide_1.19.0/plugins/com.st.stm32cube.ide.mcu.externaltools.gnu-tools-for-stm32.13.3.rel1.linux64_1.0.0.202410170706/tools/bin/../lib/gcc/arm-none-eabi/13.3.1/../../../../arm-none-eabi/lib/thumb/v8-m.main+fp/hard/libc_nano.a(libc_a-msizer.o)
                0x0800b11e                _malloc_usable_size_r
 *(.glue_7)
 .glue_7        0x0800b12e        0x0 linker stubs
 *(.glue_7t)
 .glue_7t       0x0800b12e        0x0 linker stubs
 *(.eh_frame)
 *fill*         0x0800b12e        0x2 
 .eh_frame      0x0800b130        0x0 /opt/st/stm32cubeide_1.19.0/plugins/com.st.stm32cube.ide.mcu.externaltools.gnu-tools-for-stm32.13.3.rel1.linux64_1.0.0.202410170706/tools/bin/../lib/gcc/arm-none-eabi/13.3.1/thumb/v8-m.main+fp/hard/crtbegin.o
 *(.init)
 .init          0x0800b130        0x4 /opt/st/stm32cubeide_1.19.0/plugins/com.st.stm32cube.ide.mcu.externaltools.gnu-tools-for-stm32.13.3.rel1.linux64_1.0.0.202410170706/tools/bin/../lib/gcc/arm-none-eabi/13.3.1/thumb/v8-m.main+fp/hard/crti.o
                0x0800b130                _init
 .init          0x0800b134        0x8 /opt/st/stm32cubeide_1.19.0/plugins/com.st.stm32cube.ide.mcu.externaltools.gnu-tools-for-stm32.13.3.rel1.linux64_1.0.0.202410170706/tools/bin/../lib/gcc/arm-none-eabi/13.3.1/thumb/v8-m.main+fp/hard/crtn.o
 *(.fini)
 .fini          0x0800b13c        0x4 /opt/st/stm32cubeide_1.19.0/plugins/com.st.stm32cube.ide.mcu.externaltools.gnu-tools-for-stm32.13.3.rel1.linux64_1.0.0.202410170706/tools/bin/../lib/gcc/arm-none-eabi/13.3.1/thumb/v8-m.main+fp/hard/crti.o
                0x0800b13c                _fini
 .fini          0x0800b140        0x8 /opt/st/stm32cubeide_1.19.0/plugins/com.st.stm32cube.ide.mcu.externaltools.gnu-tools-for-stm32.13.3.rel1.linux64_1.0.0.202410170706/tools/bin/../lib/gcc/arm-none-eabi/13.3.1/thumb/v8-m.main+fp/hard/crtn.o
                0x0800b148                        _etext = .

.vfp11_veneer   0x0800b148        0x0
 .vfp11_veneer  0x0800b148        0x0 linker stubs

.v4_bx          0x0800b148        0x0
 .v4_bx         0x0800b148        0x0 linker stubs

.iplt           0x0800b148        0x0
 .iplt          0x0800b148        0x0 /opt/st/stm32cubeide_1.19.0/plugins/com.st.stm32cube.ide.mcu.externaltools.gnu-tools-for-stm32.13.3.rel1.linux64_1.0.0.202410170706/tools/bin/../lib/gcc/arm-none-eabi/13.3.1/thumb/v8-m.main+fp/hard/crtbegin.o

.rodata         0x0800b148      0x3c4
 *(.rodata)
 .rodata        0x0800b148      0x17f ./Core/Src/main.o
 *(.rodata*)
 *fill*         0x0800b2c7        0x1 
 .rodata.AHBPrescTable
                0x0800b2c8       0x10 ./Core/Src/system_stm32u5xx.o
                0x0800b2c8                AHBPrescTable
 .rodata.APBPrescTable
                0x0800b2d8        0x8 ./Core/Src/system_stm32u5xx.o
                0x0800b2d8                APBPrescTable
 .rodata.MSIRangeTable
                0x0800b2e0       0x40 ./Core/Src/system_stm32u5xx.o
                0x0800b2e0                MSIRangeTable
 .rodata.DLCtoBytes
                0x0800b320       0x10 ./Drivers/STM32U5xx_HAL_Driver/Src/stm32u5xx_hal_fdcan.o
 .rodata.LPGPIO_Map
                0x0800b330       0x80 ./Drivers/STM32U5xx_HAL_Driver/Src/stm32u5xx_hal_gpio.o
 .rodata.UARTPrescTable
                0x0800b3b0       0x18 ./Drivers/STM32U5xx_HAL_Driver/Src/stm32u5xx_hal_uart.o
                0x0800b3b0                UARTPrescTable
 .rodata.numerator.1
                0x0800b3c8        0x8 ./Drivers/STM32U5xx_HAL_Driver/Src/stm32u5xx_hal_uart_ex.o
 .rodata.denominator.0
                0x0800b3d0        0x8 ./Drivers/STM32U5xx_HAL_Driver/Src/stm32u5xx_hal_uart_ex.o
 .rodata._ctype_
                0x0800b3d8      0x101 /opt/st/stm32cubeide_1.19.0/plugins/com.st.stm32cube.ide.mcu.externaltools.gnu-tools-for-stm32.13.3.rel1.linux64_1.0.0.202410170706/tools/bin/../lib/gcc/arm-none-eabi/13.3.1/../../../../arm-none-eabi/lib/thumb/v8-m.main+fp/hard/libc_nano.a(libc_a-ctype_.o)
                0x0800b3d8                _ctype_
 .rodata._svfprintf_r.str1.1
                0x0800b4d9       0x33 /opt/st/stm32cubeide_1.19.0/plugins/com.st.stm32cube.ide.mcu.externaltools.gnu-tools-for-stm32.13.3.rel1.linux64_1.0.0.202410170706/tools/bin/../lib/gcc/arm-none-eabi/13.3.1/../../../../arm-none-eabi/lib/thumb/v8-m.main+fp/hard/libc_nano.a(libc_a-nano-svfprintf.o)
                                 0x11 (size before relaxing)
 .rodata._printf_i.str1.1
                0x0800b50c       0x22 /opt/st/stm32cubeide_1.19.0/plugins/com.st.stm32cube.ide.mcu.externaltools.gnu-tools-for-stm32.13.3.rel1.linux64_1.0.0.202410170706/tools/bin/../lib/gcc/arm-none-eabi/13.3.1/../../../../arm-none-eabi/lib/thumb/v8-m.main+fp/hard/libc_nano.a(libc_a-nano-vfprintf_i.o)

.ARM.extab
 *(.ARM.extab* .gnu.linkonce.armextab.*)

.ARM            0x0800b50c        0x8
                0x0800b50c                        __exidx_start = .
 *(.ARM.exidx*)
 .ARM.exidx     0x0800b50c        0x8 /opt/st/stm32cubeide_1.19.0/plugins/com.st.stm32cube.ide.mcu.externaltools.gnu-tools-for-stm32.13.3.rel1.linux64_1.0.0.202410170706/tools/bin/../lib/gcc/arm-none-eabi/13.3.1/../../../../arm-none-eabi/lib/thumb/v8-m.main+fp/hard/libc_nano.a(libc_a-strlen.o)
 .ARM.exidx     0x0800b514        0x0 /opt/st/stm32cubeide_1.19.0/plugins/com.st.stm32cube.ide.mcu.externaltools.gnu-tools-for-stm32.13.3.rel1.linux64_1.0.0.202410170706/tools/bin/../lib/gcc/arm-none-eabi/13.3.1/thumb/v8-m.main+fp/hard/libgcc.a(_udivmoddi4.o)
                                  0x8 (size before relaxing)
                0x0800b514                        __exidx_end = .

.preinit_array  0x0800b514        0x0
                0x0800b514                        PROVIDE (__preinit_array_start = .)
 *(.preinit_array*)
                0x0800b514                        PROVIDE (__preinit_array_end = .)

.init_array     0x0800b514        0x4
                0x0800b514                        PROVIDE (__init_array_start = .)
 *(SORT_BY_NAME(.init_array.*))
 *(.init_array*)
 .init_array    0x0800b514        0x4 /opt/st/stm32cubeide_1.19.0/plugins/com.st.stm32cube.ide.mcu.externaltools.gnu-tools-for-stm32.13.3.rel1.linux64_1.0.0.202410170706/tools/bin/../lib/gcc/arm-none-eabi/13.3.1/thumb/v8-m.main+fp/hard/crtbegin.o
                0x0800b518                        PROVIDE (__init_array_end = .)

.fini_array     0x0800b518        0x4
                [!provide]                        PROVIDE (__fini_array_start = .)
 *(SORT_BY_NAME(.fini_array.*))
 *(.fini_array*)
 .fini_array    0x0800b518        0x4 /opt/st/stm32cubeide_1.19.0/plugins/com.st.stm32cube.ide.mcu.externaltools.gnu-tools-for-stm32.13.3.rel1.linux64_1.0.0.202410170706/tools/bin/../lib/gcc/arm-none-eabi/13.3.1/thumb/v8-m.main+fp/hard/crtbegin.o
                [!provide]                        PROVIDE (__fini_array_end = .)
                0x0800b51c                        _sidata = LOADADDR (.data)

.rel.dyn        0x0800b51c        0x0
 .rel.iplt      0x0800b51c        0x0 /opt/st/stm32cubeide_1.19.0/plugins/com.st.stm32cube.ide.mcu.externaltools.gnu-tools-for-stm32.13.3.rel1.linux64_1.0.0.202410170706/tools/bin/../lib/gcc/arm-none-eabi/13.3.1/thumb/v8-m.main+fp/hard/crtbegin.o

.data           0x20000000       0x5c load address 0x0800b51c
                0x20000000                        _sdata = .
 *(.data)
 *(.data*)
 .data.SystemCoreClock
                0x20000000        0x4 ./Core/Src/system_stm32u5xx.o
                0x20000000                SystemCoreClock
 .data.uwTickPrio
                0x20000004        0x4 ./Drivers/STM32U5xx_HAL_Driver/Src/stm32u5xx_hal.o
                0x20000004                uwTickPrio
 .data.uwTickFreq
                0x20000008        0x1 ./Drivers/STM32U5xx_HAL_Driver/Src/stm32u5xx_hal.o
                0x20000008                uwTickFreq
 *fill*         0x20000009        0x3 
 .data._impure_ptr
                0x2000000c        0x4 /opt/st/stm32cubeide_1.19.0/plugins/com.st.stm32cube.ide.mcu.externaltools.gnu-tools-for-stm32.13.3.rel1.linux64_1.0.0.202410170706/tools/bin/../lib/gcc/arm-none-eabi/13.3.1/../../../../arm-none-eabi/lib/thumb/v8-m.main+fp/hard/libc_nano.a(libc_a-impure.o)
                0x2000000c                _impure_ptr
 .data._impure_data
                0x20000010       0x4c /opt/st/stm32cubeide_1.19.0/plugins/com.st.stm32cube.ide.mcu.externaltools.gnu-tools-for-stm32.13.3.rel1.linux64_1.0.0.202410170706/tools/bin/../lib/gcc/arm-none-eabi/13.3.1/../../../../arm-none-eabi/lib/thumb/v8-m.main+fp/hard/libc_nano.a(libc_a-impure.o)
                0x20000010                _impure_data
 *(.RamFunc)
 *(.RamFunc*)
                0x2000005c                        _edata = .

.igot.plt       0x2000005c        0x0 load address 0x0800b578
 .igot.plt      0x2000005c        0x0 /opt/st/stm32cubeide_1.19.0/plugins/com.st.stm32cube.ide.mcu.externaltools.gnu-tools-for-stm32.13.3.rel1.linux64_1.0.0.202410170706/tools/bin/../lib/gcc/arm-none-eabi/13.3.1/thumb/v8-m.main+fp/hard/crtbegin.o

.bss            0x2000005c      0xa60 load address 0x0800b578
                0x2000005c                        _sbss = .
                0x2000005c                        __bss_start__ = _sbss
 *(.bss)
 .bss           0x2000005c       0x1c /opt/st/stm32cubeide_1.19.0/plugins/com.st.stm32cube.ide.mcu.externaltools.gnu-tools-for-stm32.13.3.rel1.linux64_1.0.0.202410170706/tools/bin/../lib/gcc/arm-none-eabi/13.3.1/thumb/v8-m.main+fp/hard/crtbegin.o
 *(.bss*)
 .bss.AdfHandle0
                0x20000078       0x44 ./Core/Src/main.o
                0x20000078                AdfHandle0
 .bss.AdfFilterConfig0
                0x200000bc       0x7c ./Core/Src/main.o
                0x200000bc                AdfFilterConfig0
 .bss.hfdcan1   0x20000138       0x64 ./Core/Src/main.o
                0x20000138                hfdcan1
 .bss.hi2c2     0x2000019c       0x54 ./Core/Src/main.o
                0x2000019c                hi2c2
 .bss.hospi1    0x200001f0       0x5c ./Core/Src/main.o
                0x200001f0                hospi1
 .bss.hospi2    0x2000024c       0x5c ./Core/Src/main.o
                0x2000024c                hospi2
 .bss.hspi2     0x200002a8       0x90 ./Core/Src/main.o
                0x200002a8                hspi2
 .bss.huart4    0x20000338       0x94 ./Core/Src/main.o
                0x20000338                huart4
 .bss.huart1    0x200003cc       0x94 ./Core/Src/main.o
                0x200003cc                huart1
 .bss.hpcd_USB_OTG_FS
                0x20000460      0x4e4 ./Core/Src/main.o
                0x20000460                hpcd_USB_OTG_FS
 .bss.HAL_RCC_OSPIM_CLK_ENABLED
                0x20000944        0x4 ./Core/Src/stm32u5xx_hal_msp.o
 .bss.__sbrk_heap_end
                0x20000948        0x4 ./Core/Src/sysmem.o
 .bss.uwTick    0x2000094c        0x4 ./Drivers/STM32U5xx_HAL_Driver/Src/stm32u5xx_hal.o
                0x2000094c                uwTick
 .bss.v_mdf1InstanceCounter
                0x20000950        0x4 ./Drivers/STM32U5xx_HAL_Driver/Src/stm32u5xx_hal_mdf.o
 .bss.v_adf1InstanceCounter
                0x20000954        0x4 ./Drivers/STM32U5xx_HAL_Driver/Src/stm32u5xx_hal_mdf.o
 .bss.a_mdfHandle
                0x20000958       0x1c ./Drivers/STM32U5xx_HAL_Driver/Src/stm32u5xx_hal_mdf.o
 .bss.__sf      0x20000974      0x138 /opt/st/stm32cubeide_1.19.0/plugins/com.st.stm32cube.ide.mcu.externaltools.gnu-tools-for-stm32.13.3.rel1.linux64_1.0.0.202410170706/tools/bin/../lib/gcc/arm-none-eabi/13.3.1/../../../../arm-none-eabi/lib/thumb/v8-m.main+fp/hard/libc_nano.a(libc_a-findfp.o)
                0x20000974                __sf
 .bss.errno     0x20000aac        0x4 /opt/st/stm32cubeide_1.19.0/plugins/com.st.stm32cube.ide.mcu.externaltools.gnu-tools-for-stm32.13.3.rel1.linux64_1.0.0.202410170706/tools/bin/../lib/gcc/arm-none-eabi/13.3.1/../../../../arm-none-eabi/lib/thumb/v8-m.main+fp/hard/libc_nano.a(libc_a-reent.o)
                0x20000aac                errno
 .bss.__lock___malloc_recursive_mutex
                0x20000ab0        0x1 /opt/st/stm32cubeide_1.19.0/plugins/com.st.stm32cube.ide.mcu.externaltools.gnu-tools-for-stm32.13.3.rel1.linux64_1.0.0.202410170706/tools/bin/../lib/gcc/arm-none-eabi/13.3.1/../../../../arm-none-eabi/lib/thumb/v8-m.main+fp/hard/libc_nano.a(libc_a-lock.o)
                0x20000ab0                __lock___malloc_recursive_mutex
 *fill*         0x20000ab1        0x3 
 .bss.__malloc_sbrk_start
                0x20000ab4        0x4 /opt/st/stm32cubeide_1.19.0/plugins/com.st.stm32cube.ide.mcu.externaltools.gnu-tools-for-stm32.13.3.rel1.linux64_1.0.0.202410170706/tools/bin/../lib/gcc/arm-none-eabi/13.3.1/../../../../arm-none-eabi/lib/thumb/v8-m.main+fp/hard/libc_nano.a(libc_a-mallocr.o)
                0x20000ab4                __malloc_sbrk_start
 .bss.__malloc_free_list
                0x20000ab8        0x4 /opt/st/stm32cubeide_1.19.0/plugins/com.st.stm32cube.ide.mcu.externaltools.gnu-tools-for-stm32.13.3.rel1.linux64_1.0.0.202410170706/tools/bin/../lib/gcc/arm-none-eabi/13.3.1/../../../../arm-none-eabi/lib/thumb/v8-m.main+fp/hard/libc_nano.a(libc_a-mallocr.o)
                0x20000ab8                __malloc_free_list
 *(COMMON)
                0x20000abc                        _ebss = .
                0x20000abc                        __bss_end__ = _ebss

._user_heap_stack
                0x20000abc      0x604 load address 0x0800b578
                0x20000ac0                        . = ALIGN (0x8)
 *fill*         0x20000abc        0x4 
                [!provide]                        PROVIDE (end = .)
                0x20000ac0                        PROVIDE (_end = .)
                0x20000cc0                        . = (. + _Min_Heap_Size)
 *fill*         0x20000ac0      0x200 
                0x200010c0                        . = (. + _Min_Stack_Size)
 *fill*         0x20000cc0      0x400 
                0x200010c0                        . = ALIGN (0x8)

/DISCARD/
 libc.a(*)
 libm.a(*)
 libgcc.a(*)

.ARM.attributes
                0x00000000       0x36
 *(.ARM.attributes)
 .ARM.attributes
                0x00000000       0x26 /opt/st/stm32cubeide_1.19.0/plugins/com.st.stm32cube.ide.mcu.externaltools.gnu-tools-for-stm32.13.3.rel1.linux64_1.0.0.202410170706/tools/bin/../lib/gcc/arm-none-eabi/13.3.1/thumb/v8-m.main+fp/hard/crti.o
 .ARM.attributes
                0x00000026       0x38 /opt/st/stm32cubeide_1.19.0/plugins/com.st.stm32cube.ide.mcu.externaltools.gnu-tools-for-stm32.13.3.rel1.linux64_1.0.0.202410170706/tools/bin/../lib/gcc/arm-none-eabi/13.3.1/thumb/v8-m.main+fp/hard/crtbegin.o
 .ARM.attributes
                0x0000005e       0x3a ./Core/Src/main.o
 .ARM.attributes
                0x00000098       0x3a ./Core/Src/stm32u5xx_hal_msp.o
 .ARM.attributes
                0x000000d2       0x3a ./Core/Src/stm32u5xx_it.o
 .ARM.attributes
                0x0000010c       0x3a ./Core/Src/sysmem.o
 .ARM.attributes
                0x00000146       0x3a ./Core/Src/system_stm32u5xx.o
 .ARM.attributes
                0x00000180       0x24 ./Core/Startup/startup_stm32u585aiixq.o
 .ARM.attributes
                0x000001a4       0x3a ./Drivers/STM32U5xx_HAL_Driver/Src/stm32u5xx_hal.o
 .ARM.attributes
                0x000001de       0x3a ./Drivers/STM32U5xx_HAL_Driver/Src/stm32u5xx_hal_cortex.o
 .ARM.attributes
                0x00000218       0x3a ./Drivers/STM32U5xx_HAL_Driver/Src/stm32u5xx_hal_dma.o
 .ARM.attributes
                0x00000252       0x3a ./Drivers/STM32U5xx_HAL_Driver/Src/stm32u5xx_hal_fdcan.o
 .ARM.attributes
                0x0000028c       0x3a ./Drivers/STM32U5xx_HAL_Driver/Src/stm32u5xx_hal_gpio.o
 .ARM.attributes
                0x000002c6       0x3a ./Drivers/STM32U5xx_HAL_Driver/Src/stm32u5xx_hal_i2c.o
 .ARM.attributes
                0x00000300       0x3a ./Drivers/STM32U5xx_HAL_Driver/Src/stm32u5xx_hal_i2c_ex.o
 .ARM.attributes
                0x0000033a       0x3a ./Drivers/STM32U5xx_HAL_Driver/Src/stm32u5xx_hal_icache.o
 .ARM.attributes
                0x00000374       0x3a ./Drivers/STM32U5xx_HAL_Driver/Src/stm32u5xx_hal_mdf.o
 .ARM.attributes
                0x000003ae       0x3a ./Drivers/STM32U5xx_HAL_Driver/Src/stm32u5xx_hal_ospi.o
 .ARM.attributes
                0x000003e8       0x3a ./Drivers/STM32U5xx_HAL_Driver/Src/stm32u5xx_hal_pcd.o
 .ARM.attributes
                0x00000422       0x3a ./Drivers/STM32U5xx_HAL_Driver/Src/stm32u5xx_hal_pcd_ex.o
 .ARM.attributes
                0x0000045c       0x3a ./Drivers/STM32U5xx_HAL_Driver/Src/stm32u5xx_hal_pwr_ex.o
 .ARM.attributes
                0x00000496       0x3a ./Drivers/STM32U5xx_HAL_Driver/Src/stm32u5xx_hal_rcc.o
 .ARM.attributes
                0x000004d0       0x3a ./Drivers/STM32U5xx_HAL_Driver/Src/stm32u5xx_hal_rcc_ex.o
 .ARM.attributes
                0x0000050a       0x3a ./Drivers/STM32U5xx_HAL_Driver/Src/stm32u5xx_hal_spi.o
 .ARM.attributes
                0x00000544       0x3a ./Drivers/STM32U5xx_HAL_Driver/Src/stm32u5xx_hal_spi_ex.o
 .ARM.attributes
                0x0000057e       0x3a ./Drivers/STM32U5xx_HAL_Driver/Src/stm32u5xx_hal_uart.o
 .ARM.attributes
                0x000005b8       0x3a ./Drivers/STM32U5xx_HAL_Driver/Src/stm32u5xx_hal_uart_ex.o
 .ARM.attributes
                0x000005f2       0x3a ./Drivers/STM32U5xx_HAL_Driver/Src/stm32u5xx_ll_dlyb.o
 .ARM.attributes
                0x0000062c       0x3a ./Drivers/STM32U5xx_HAL_Driver/Src/stm32u5xx_ll_gpio.o
 .ARM.attributes
                0x00000666       0x3a ./Drivers/STM32U5xx_HAL_Driver/Src/stm32u5xx_ll_usb.o
 .ARM.attributes
                0x000006a0       0x38 /opt/st/stm32cubeide_1.19.0/plugins/com.st.stm32cube.ide.mcu.externaltools.gnu-tools-for-stm32.13.3.rel1.linux64_1.0.0.202410170706/tools/bin/../lib/gcc/arm-none-eabi/13.3.1/../../../../arm-none-eabi/lib/thumb/v8-m.main+fp/hard/libc_nano.a(libc_a-ctype_.o)
 .ARM.attributes
                0x000006d8       0x38 /opt/st/stm32cubeide_1.19.0/plugins/com.st.stm32cube.ide.mcu.externaltools.gnu-tools-for-stm32.13.3.rel1.linux64_1.0.0.202410170706/tools/bin/../lib/gcc/arm-none-eabi/13.3.1/../../../../arm-none-eabi/lib/thumb/v8-m.main+fp/hard/libc_nano.a(libc_a-findfp.o)
 .ARM.attributes
                0x00000710       0x38 /opt/st/stm32cubeide_1.19.0/plugins/com.st.stm32cube.ide.mcu.externaltools.gnu-tools-for-stm32.13.3.rel1.linux64_1.0.0.202410170706/tools/bin/../lib/gcc/arm-none-eabi/13.3.1/../../../../arm-none-eabi/lib/thumb/v8-m.main+fp/hard/libc_nano.a(libc_a-sprintf.o)
 .ARM.attributes
                0x00000748       0x38 /opt/st/stm32cubeide_1.19.0/plugins/com.st.stm32cube.ide.mcu.externaltools.gnu-tools-for-stm32.13.3.rel1.linux64_1.0.0.202410170706/tools/bin/../lib/gcc/arm-none-eabi/13.3.1/../../../../arm-none-eabi/lib/thumb/v8-m.main+fp/hard/libc_nano.a(libc_a-memset.o)
 .ARM.attributes
                0x00000780       0x38 /opt/st/stm32cubeide_1.19.0/plugins/com.st.stm32cube.ide.mcu.externaltools.gnu-tools-for-stm32.13.3.rel1.linux64_1.0.0.202410170706/tools/bin/../lib/gcc/arm-none-eabi/13.3.1/../../../../arm-none-eabi/lib/thumb/v8-m.main+fp/hard/libc_nano.a(libc_a-reent.o)
 .ARM.attributes
                0x000007b8       0x38 /opt/st/stm32cubeide_1.19.0/plugins/com.st.stm32cube.ide.mcu.externaltools.gnu-tools-for-stm32.13.3.rel1.linux64_1.0.0.202410170706/tools/bin/../lib/gcc/arm-none-eabi/13.3.1/../../../../arm-none-eabi/lib/thumb/v8-m.main+fp/hard/libc_nano.a(libc_a-impure.o)
 .ARM.attributes
                0x000007f0       0x38 /opt/st/stm32cubeide_1.19.0/plugins/com.st.stm32cube.ide.mcu.externaltools.gnu-tools-for-stm32.13.3.rel1.linux64_1.0.0.202410170706/tools/bin/../lib/gcc/arm-none-eabi/13.3.1/../../../../arm-none-eabi/lib/thumb/v8-m.main+fp/hard/libc_nano.a(libc_a-errno.o)
 .ARM.attributes
                0x00000828       0x38 /opt/st/stm32cubeide_1.19.0/plugins/com.st.stm32cube.ide.mcu.externaltools.gnu-tools-for-stm32.13.3.rel1.linux64_1.0.0.202410170706/tools/bin/../lib/gcc/arm-none-eabi/13.3.1/../../../../arm-none-eabi/lib/thumb/v8-m.main+fp/hard/libc_nano.a(libc_a-init.o)
 .ARM.attributes
                0x00000860       0x38 /opt/st/stm32cubeide_1.19.0/plugins/com.st.stm32cube.ide.mcu.externaltools.gnu-tools-for-stm32.13.3.rel1.linux64_1.0.0.202410170706/tools/bin/../lib/gcc/arm-none-eabi/13.3.1/../../../../arm-none-eabi/lib/thumb/v8-m.main+fp/hard/libc_nano.a(libc_a-lock.o)
 .ARM.attributes
                0x00000898       0x24 /opt/st/stm32cubeide_1.19.0/plugins/com.st.stm32cube.ide.mcu.externaltools.gnu-tools-for-stm32.13.3.rel1.linux64_1.0.0.202410170706/tools/bin/../lib/gcc/arm-none-eabi/13.3.1/../../../../arm-none-eabi/lib/thumb/v8-m.main+fp/hard/libc_nano.a(libc_a-strlen.o)
 .ARM.attributes
                0x000008bc       0x38 /opt/st/stm32cubeide_1.19.0/plugins/com.st.stm32cube.ide.mcu.externaltools.gnu-tools-for-stm32.13.3.rel1.linux64_1.0.0.202410170706/tools/bin/../lib/gcc/arm-none-eabi/13.3.1/../../../../arm-none-eabi/lib/thumb/v8-m.main+fp/hard/libc_nano.a(libc_a-freer.o)
 .ARM.attributes
                0x000008f4       0x38 /opt/st/stm32cubeide_1.19.0/plugins/com.st.stm32cube.ide.mcu.externaltools.gnu-tools-for-stm32.13.3.rel1.linux64_1.0.0.202410170706/tools/bin/../lib/gcc/arm-none-eabi/13.3.1/../../../../arm-none-eabi/lib/thumb/v8-m.main+fp/hard/libc_nano.a(libc_a-mallocr.o)
 .ARM.attributes
                0x0000092c       0x38 /opt/st/stm32cubeide_1.19.0/plugins/com.st.stm32cube.ide.mcu.externaltools.gnu-tools-for-stm32.13.3.rel1.linux64_1.0.0.202410170706/tools/bin/../lib/gcc/arm-none-eabi/13.3.1/../../../../arm-none-eabi/lib/thumb/v8-m.main+fp/hard/libc_nano.a(libc_a-mlock.o)
 .ARM.attributes
                0x00000964       0x38 /opt/st/stm32cubeide_1.19.0/plugins/com.st.stm32cube.ide.mcu.externaltools.gnu-tools-for-stm32.13.3.rel1.linux64_1.0.0.202410170706/tools/bin/../lib/gcc/arm-none-eabi/13.3.1/../../../../arm-none-eabi/lib/thumb/v8-m.main+fp/hard/libc_nano.a(libc_a-nano-svfprintf.o)
 .ARM.attributes
                0x0000099c       0x38 /opt/st/stm32cubeide_1.19.0/plugins/com.st.stm32cube.ide.mcu.externaltools.gnu-tools-for-stm32.13.3.rel1.linux64_1.0.0.202410170706/tools/bin/../lib/gcc/arm-none-eabi/13.3.1/../../../../arm-none-eabi/lib/thumb/v8-m.main+fp/hard/libc_nano.a(libc_a-nano-vfprintf_i.o)
 .ARM.attributes
                0x000009d4       0x38 /opt/st/stm32cubeide_1.19.0/plugins/com.st.stm32cube.ide.mcu.externaltools.gnu-tools-for-stm32.13.3.rel1.linux64_1.0.0.202410170706/tools/bin/../lib/gcc/arm-none-eabi/13.3.1/../../../../arm-none-eabi/lib/thumb/v8-m.main+fp/hard/libc_nano.a(libc_a-memmove.o)
 .ARM.attributes
                0x00000a0c       0x38 /opt/st/stm32cubeide_1.19.0/plugins/com.st.stm32cube.ide.mcu.externaltools.gnu-tools-for-stm32.13.3.rel1.linux64_1.0.0.202410170706/tools/bin/../lib/gcc/arm-none-eabi/13.3.1/../../../../arm-none-eabi/lib/thumb/v8-m.main+fp/hard/libc_nano.a(libc_a-sbrkr.o)
 .ARM.attributes
                0x00000a44       0x38 /opt/st/stm32cubeide_1.19.0/plugins/com.st.stm32cube.ide.mcu.externaltools.gnu-tools-for-stm32.13.3.rel1.linux64_1.0.0.202410170706/tools/bin/../lib/gcc/arm-none-eabi/13.3.1/../../../../arm-none-eabi/lib/thumb/v8-m.main+fp/hard/libc_nano.a(libc_a-memchr-stub.o)
 .ARM.attributes
                0x00000a7c       0x38 /opt/st/stm32cubeide_1.19.0/plugins/com.st.stm32cube.ide.mcu.externaltools.gnu-tools-for-stm32.13.3.rel1.linux64_1.0.0.202410170706/tools/bin/../lib/gcc/arm-none-eabi/13.3.1/../../../../arm-none-eabi/lib/thumb/v8-m.main+fp/hard/libc_nano.a(libc_a-memcpy-stub.o)
 .ARM.attributes
                0x00000ab4       0x38 /opt/st/stm32cubeide_1.19.0/plugins/com.st.stm32cube.ide.mcu.externaltools.gnu-tools-for-stm32.13.3.rel1.linux64_1.0.0.202410170706/tools/bin/../lib/gcc/arm-none-eabi/13.3.1/../../../../arm-none-eabi/lib/thumb/v8-m.main+fp/hard/libc_nano.a(libc_a-reallocr.o)
 .ARM.attributes
                0x00000aec       0x38 /opt/st/stm32cubeide_1.19.0/plugins/com.st.stm32cube.ide.mcu.externaltools.gnu-tools-for-stm32.13.3.rel1.linux64_1.0.0.202410170706/tools/bin/../lib/gcc/arm-none-eabi/13.3.1/../../../../arm-none-eabi/lib/thumb/v8-m.main+fp/hard/libc_nano.a(libc_a-msizer.o)
 .ARM.attributes
                0x00000b24       0x26 /opt/st/stm32cubeide_1.19.0/plugins/com.st.stm32cube.ide.mcu.externaltools.gnu-tools-for-stm32.13.3.rel1.linux64_1.0.0.202410170706/tools/bin/../lib/gcc/arm-none-eabi/13.3.1/thumb/v8-m.main+fp/hard/libgcc.a(_aeabi_uldivmod.o)
 .ARM.attributes
                0x00000b4a       0x38 /opt/st/stm32cubeide_1.19.0/plugins/com.st.stm32cube.ide.mcu.externaltools.gnu-tools-for-stm32.13.3.rel1.linux64_1.0.0.202410170706/tools/bin/../lib/gcc/arm-none-eabi/13.3.1/thumb/v8-m.main+fp/hard/libgcc.a(_udivmoddi4.o)
 .ARM.attributes
                0x00000b82       0x26 /opt/st/stm32cubeide_1.19.0/plugins/com.st.stm32cube.ide.mcu.externaltools.gnu-tools-for-stm32.13.3.rel1.linux64_1.0.0.202410170706/tools/bin/../lib/gcc/arm-none-eabi/13.3.1/thumb/v8-m.main+fp/hard/libgcc.a(_dvmd_tls.o)
 .ARM.attributes
                0x00000ba8       0x26 /opt/st/stm32cubeide_1.19.0/plugins/com.st.stm32cube.ide.mcu.externaltools.gnu-tools-for-stm32.13.3.rel1.linux64_1.0.0.202410170706/tools/bin/../lib/gcc/arm-none-eabi/13.3.1/thumb/v8-m.main+fp/hard/crtn.o
OUTPUT(SeraAgora.elf elf32-littlearm)
LOAD linker stubs
LOAD /opt/st/stm32cubeide_1.19.0/plugins/com.st.stm32cube.ide.mcu.externaltools.gnu-tools-for-stm32.13.3.rel1.linux64_1.0.0.202410170706/tools/bin/../lib/gcc/arm-none-eabi/13.3.1/../../../../arm-none-eabi/lib/thumb/v8-m.main+fp/hard/libc.a
LOAD /opt/st/stm32cubeide_1.19.0/plugins/com.st.stm32cube.ide.mcu.externaltools.gnu-tools-for-stm32.13.3.rel1.linux64_1.0.0.202410170706/tools/bin/../lib/gcc/arm-none-eabi/13.3.1/../../../../arm-none-eabi/lib/thumb/v8-m.main+fp/hard/libm.a
LOAD /opt/st/stm32cubeide_1.19.0/plugins/com.st.stm32cube.ide.mcu.externaltools.gnu-tools-for-stm32.13.3.rel1.linux64_1.0.0.202410170706/tools/bin/../lib/gcc/arm-none-eabi/13.3.1/thumb/v8-m.main+fp/hard/libgcc.a

.debug_info     0x00000000    0x21c15
 .debug_info    0x00000000     0x37d0 ./Core/Src/main.o
 .debug_info    0x000037d0     0x2f48 ./Core/Src/stm32u5xx_hal_msp.o
 .debug_info    0x00006718      0x16c ./Core/Src/stm32u5xx_it.o
 .debug_info    0x00006884      0x168 ./Core/Src/sysmem.o
 .debug_info    0x000069ec      0x929 ./Core/Src/system_stm32u5xx.o
 .debug_info    0x00007315       0x30 ./Core/Startup/startup_stm32u585aiixq.o
 .debug_info    0x00007345     0x120a ./Drivers/STM32U5xx_HAL_Driver/Src/stm32u5xx_hal.o
 .debug_info    0x0000854f     0x1658 ./Drivers/STM32U5xx_HAL_Driver/Src/stm32u5xx_hal_cortex.o
 .debug_info    0x00009ba7      0xadc ./Drivers/STM32U5xx_HAL_Driver/Src/stm32u5xx_hal_dma.o
 .debug_info    0x0000a683     0x1920 ./Drivers/STM32U5xx_HAL_Driver/Src/stm32u5xx_hal_fdcan.o
 .debug_info    0x0000bfa3      0x859 ./Drivers/STM32U5xx_HAL_Driver/Src/stm32u5xx_hal_gpio.o
 .debug_info    0x0000c7fc     0x232e ./Drivers/STM32U5xx_HAL_Driver/Src/stm32u5xx_hal_i2c.o
 .debug_info    0x0000eb2a      0x9ff ./Drivers/STM32U5xx_HAL_Driver/Src/stm32u5xx_hal_i2c_ex.o
 .debug_info    0x0000f529      0x4d6 ./Drivers/STM32U5xx_HAL_Driver/Src/stm32u5xx_hal_icache.o
 .debug_info    0x0000f9ff     0x1ba1 ./Drivers/STM32U5xx_HAL_Driver/Src/stm32u5xx_hal_mdf.o
 .debug_info    0x000115a0     0x1c4b ./Drivers/STM32U5xx_HAL_Driver/Src/stm32u5xx_hal_ospi.o
 .debug_info    0x000131eb     0x1586 ./Drivers/STM32U5xx_HAL_Driver/Src/stm32u5xx_hal_pcd.o
 .debug_info    0x00014771      0x8bd ./Drivers/STM32U5xx_HAL_Driver/Src/stm32u5xx_hal_pcd_ex.o
 .debug_info    0x0001502e      0xe3e ./Drivers/STM32U5xx_HAL_Driver/Src/stm32u5xx_hal_pwr_ex.o
 .debug_info    0x00015e6c     0x11f0 ./Drivers/STM32U5xx_HAL_Driver/Src/stm32u5xx_hal_rcc.o
 .debug_info    0x0001705c     0x158b ./Drivers/STM32U5xx_HAL_Driver/Src/stm32u5xx_hal_rcc_ex.o
 .debug_info    0x000185e7     0x15c7 ./Drivers/STM32U5xx_HAL_Driver/Src/stm32u5xx_hal_spi.o
 .debug_info    0x00019bae      0xa97 ./Drivers/STM32U5xx_HAL_Driver/Src/stm32u5xx_hal_spi_ex.o
 .debug_info    0x0001a645     0x405f ./Drivers/STM32U5xx_HAL_Driver/Src/stm32u5xx_hal_uart.o
 .debug_info    0x0001e6a4     0x11ef ./Drivers/STM32U5xx_HAL_Driver/Src/stm32u5xx_hal_uart_ex.o
 .debug_info    0x0001f893      0x23c ./Drivers/STM32U5xx_HAL_Driver/Src/stm32u5xx_ll_dlyb.o
 .debug_info    0x0001facf      0xb17 ./Drivers/STM32U5xx_HAL_Driver/Src/stm32u5xx_ll_gpio.o
 .debug_info    0x000205e6     0x162f ./Drivers/STM32U5xx_HAL_Driver/Src/stm32u5xx_ll_usb.o

.debug_abbrev   0x00000000     0x3d97
 .debug_abbrev  0x00000000      0x365 ./Core/Src/main.o
 .debug_abbrev  0x00000365      0x288 ./Core/Src/stm32u5xx_hal_msp.o
 .debug_abbrev  0x000005ed       0xac ./Core/Src/stm32u5xx_it.o
 .debug_abbrev  0x00000699       0xbc ./Core/Src/sysmem.o
 .debug_abbrev  0x00000755      0x129 ./Core/Src/system_stm32u5xx.o
 .debug_abbrev  0x0000087e       0x24 ./Core/Startup/startup_stm32u585aiixq.o
 .debug_abbrev  0x000008a2      0x2a5 ./Drivers/STM32U5xx_HAL_Driver/Src/stm32u5xx_hal.o
 .debug_abbrev  0x00000b47      0x311 ./Drivers/STM32U5xx_HAL_Driver/Src/stm32u5xx_hal_cortex.o
 .debug_abbrev  0x00000e58      0x1ff ./Drivers/STM32U5xx_HAL_Driver/Src/stm32u5xx_hal_dma.o
 .debug_abbrev  0x00001057      0x20b ./Drivers/STM32U5xx_HAL_Driver/Src/stm32u5xx_hal_fdcan.o
 .debug_abbrev  0x00001262      0x25a ./Drivers/STM32U5xx_HAL_Driver/Src/stm32u5xx_hal_gpio.o
 .debug_abbrev  0x000014bc      0x271 ./Drivers/STM32U5xx_HAL_Driver/Src/stm32u5xx_hal_i2c.o
 .debug_abbrev  0x0000172d      0x1c0 ./Drivers/STM32U5xx_HAL_Driver/Src/stm32u5xx_hal_i2c_ex.o
 .debug_abbrev  0x000018ed      0x228 ./Drivers/STM32U5xx_HAL_Driver/Src/stm32u5xx_hal_icache.o
 .debug_abbrev  0x00001b15      0x267 ./Drivers/STM32U5xx_HAL_Driver/Src/stm32u5xx_hal_mdf.o
 .debug_abbrev  0x00001d7c      0x314 ./Drivers/STM32U5xx_HAL_Driver/Src/stm32u5xx_hal_ospi.o
 .debug_abbrev  0x00002090      0x2cd ./Drivers/STM32U5xx_HAL_Driver/Src/stm32u5xx_hal_pcd.o
 .debug_abbrev  0x0000235d      0x25a ./Drivers/STM32U5xx_HAL_Driver/Src/stm32u5xx_hal_pcd_ex.o
 .debug_abbrev  0x000025b7      0x215 ./Drivers/STM32U5xx_HAL_Driver/Src/stm32u5xx_hal_pwr_ex.o
 .debug_abbrev  0x000027cc      0x2cb ./Drivers/STM32U5xx_HAL_Driver/Src/stm32u5xx_hal_rcc.o
 .debug_abbrev  0x00002a97      0x23d ./Drivers/STM32U5xx_HAL_Driver/Src/stm32u5xx_hal_rcc_ex.o
 .debug_abbrev  0x00002cd4      0x2bc ./Drivers/STM32U5xx_HAL_Driver/Src/stm32u5xx_hal_spi.o
 .debug_abbrev  0x00002f90      0x1c7 ./Drivers/STM32U5xx_HAL_Driver/Src/stm32u5xx_hal_spi_ex.o
 .debug_abbrev  0x00003157      0x305 ./Drivers/STM32U5xx_HAL_Driver/Src/stm32u5xx_hal_uart.o
 .debug_abbrev  0x0000345c      0x2d4 ./Drivers/STM32U5xx_HAL_Driver/Src/stm32u5xx_hal_uart_ex.o
 .debug_abbrev  0x00003730      0x159 ./Drivers/STM32U5xx_HAL_Driver/Src/stm32u5xx_ll_dlyb.o
 .debug_abbrev  0x00003889      0x25d ./Drivers/STM32U5xx_HAL_Driver/Src/stm32u5xx_ll_gpio.o
 .debug_abbrev  0x00003ae6      0x2b1 ./Drivers/STM32U5xx_HAL_Driver/Src/stm32u5xx_ll_usb.o

.debug_aranges  0x00000000     0x1b48
 .debug_aranges
                0x00000000       0xa8 ./Core/Src/main.o
 .debug_aranges
                0x000000a8       0x90 ./Core/Src/stm32u5xx_hal_msp.o
 .debug_aranges
                0x00000138       0x60 ./Core/Src/stm32u5xx_it.o
 .debug_aranges
                0x00000198       0x20 ./Core/Src/sysmem.o
 .debug_aranges
                0x000001b8       0x28 ./Core/Src/system_stm32u5xx.o
 .debug_aranges
                0x000001e0       0x28 ./Core/Startup/startup_stm32u585aiixq.o
 .debug_aranges
                0x00000208      0x148 ./Drivers/STM32U5xx_HAL_Driver/Src/stm32u5xx_hal.o
 .debug_aranges
                0x00000350      0x140 ./Drivers/STM32U5xx_HAL_Driver/Src/stm32u5xx_hal_cortex.o
 .debug_aranges
                0x00000490       0xa0 ./Drivers/STM32U5xx_HAL_Driver/Src/stm32u5xx_hal_dma.o
 .debug_aranges
                0x00000530      0x208 ./Drivers/STM32U5xx_HAL_Driver/Src/stm32u5xx_hal_fdcan.o
 .debug_aranges
                0x00000738       0x78 ./Drivers/STM32U5xx_HAL_Driver/Src/stm32u5xx_hal_gpio.o
 .debug_aranges
                0x000007b0      0x2a0 ./Drivers/STM32U5xx_HAL_Driver/Src/stm32u5xx_hal_i2c.o
 .debug_aranges
                0x00000a50       0x58 ./Drivers/STM32U5xx_HAL_Driver/Src/stm32u5xx_hal_i2c_ex.o
 .debug_aranges
                0x00000aa8       0xa8 ./Drivers/STM32U5xx_HAL_Driver/Src/stm32u5xx_hal_icache.o
 .debug_aranges
                0x00000b50      0x1a8 ./Drivers/STM32U5xx_HAL_Driver/Src/stm32u5xx_hal_mdf.o
 .debug_aranges
                0x00000cf8      0x198 ./Drivers/STM32U5xx_HAL_Driver/Src/stm32u5xx_hal_ospi.o
 .debug_aranges
                0x00000e90      0x140 ./Drivers/STM32U5xx_HAL_Driver/Src/stm32u5xx_hal_pcd.o
 .debug_aranges
                0x00000fd0       0x60 ./Drivers/STM32U5xx_HAL_Driver/Src/stm32u5xx_hal_pcd_ex.o
 .debug_aranges
                0x00001030      0x200 ./Drivers/STM32U5xx_HAL_Driver/Src/stm32u5xx_hal_pwr_ex.o
 .debug_aranges
                0x00001230       0xa8 ./Drivers/STM32U5xx_HAL_Driver/Src/stm32u5xx_hal_rcc.o
 .debug_aranges
                0x000012d8      0x160 ./Drivers/STM32U5xx_HAL_Driver/Src/stm32u5xx_hal_rcc_ex.o
 .debug_aranges
                0x00001438      0x1a8 ./Drivers/STM32U5xx_HAL_Driver/Src/stm32u5xx_hal_spi.o
 .debug_aranges
                0x000015e0       0x48 ./Drivers/STM32U5xx_HAL_Driver/Src/stm32u5xx_hal_spi_ex.o
 .debug_aranges
                0x00001628      0x248 ./Drivers/STM32U5xx_HAL_Driver/Src/stm32u5xx_hal_uart.o
 .debug_aranges
                0x00001870       0xb8 ./Drivers/STM32U5xx_HAL_Driver/Src/stm32u5xx_hal_uart_ex.o
 .debug_aranges
                0x00001928       0x30 ./Drivers/STM32U5xx_HAL_Driver/Src/stm32u5xx_ll_dlyb.o
 .debug_aranges
                0x00001958       0x70 ./Drivers/STM32U5xx_HAL_Driver/Src/stm32u5xx_ll_gpio.o
 .debug_aranges
                0x000019c8      0x180 ./Drivers/STM32U5xx_HAL_Driver/Src/stm32u5xx_ll_usb.o

.debug_rnglists
                0x00000000     0x152c
 .debug_rnglists
                0x00000000       0x84 ./Core/Src/main.o
 .debug_rnglists
                0x00000084       0x6f ./Core/Src/stm32u5xx_hal_msp.o
 .debug_rnglists
                0x000000f3       0x43 ./Core/Src/stm32u5xx_it.o
 .debug_rnglists
                0x00000136       0x13 ./Core/Src/sysmem.o
 .debug_rnglists
                0x00000149       0x1a ./Core/Src/system_stm32u5xx.o
 .debug_rnglists
                0x00000163       0x19 ./Core/Startup/startup_stm32u585aiixq.o
 .debug_rnglists
                0x0000017c       0xf3 ./Drivers/STM32U5xx_HAL_Driver/Src/stm32u5xx_hal.o
 .debug_rnglists
                0x0000026f       0xec ./Drivers/STM32U5xx_HAL_Driver/Src/stm32u5xx_hal_cortex.o
 .debug_rnglists
                0x0000035b       0x7e ./Drivers/STM32U5xx_HAL_Driver/Src/stm32u5xx_hal_dma.o
 .debug_rnglists
                0x000003d9      0x18d ./Drivers/STM32U5xx_HAL_Driver/Src/stm32u5xx_hal_fdcan.o
 .debug_rnglists
                0x00000566       0x5a ./Drivers/STM32U5xx_HAL_Driver/Src/stm32u5xx_hal_gpio.o
 .debug_rnglists
                0x000005c0      0x228 ./Drivers/STM32U5xx_HAL_Driver/Src/stm32u5xx_hal_i2c.o
 .debug_rnglists
                0x000007e8       0x43 ./Drivers/STM32U5xx_HAL_Driver/Src/stm32u5xx_hal_i2c_ex.o
 .debug_rnglists
                0x0000082b       0x7a ./Drivers/STM32U5xx_HAL_Driver/Src/stm32u5xx_hal_icache.o
 .debug_rnglists
                0x000008a5      0x154 ./Drivers/STM32U5xx_HAL_Driver/Src/stm32u5xx_hal_mdf.o
 .debug_rnglists
                0x000009f9      0x142 ./Drivers/STM32U5xx_HAL_Driver/Src/stm32u5xx_hal_ospi.o
 .debug_rnglists
                0x00000b3b       0xf4 ./Drivers/STM32U5xx_HAL_Driver/Src/stm32u5xx_hal_pcd.o
 .debug_rnglists
                0x00000c2f       0x45 ./Drivers/STM32U5xx_HAL_Driver/Src/stm32u5xx_hal_pcd_ex.o
 .debug_rnglists
                0x00000c74      0x186 ./Drivers/STM32U5xx_HAL_Driver/Src/stm32u5xx_hal_pwr_ex.o
 .debug_rnglists
                0x00000dfa       0x7f ./Drivers/STM32U5xx_HAL_Driver/Src/stm32u5xx_hal_rcc.o
 .debug_rnglists
                0x00000e79      0x113 ./Drivers/STM32U5xx_HAL_Driver/Src/stm32u5xx_hal_rcc_ex.o
 .debug_rnglists
                0x00000f8c      0x148 ./Drivers/STM32U5xx_HAL_Driver/Src/stm32u5xx_hal_spi.o
 .debug_rnglists
                0x000010d4       0x35 ./Drivers/STM32U5xx_HAL_Driver/Src/stm32u5xx_hal_spi_ex.o
 .debug_rnglists
                0x00001109      0x1fb ./Drivers/STM32U5xx_HAL_Driver/Src/stm32u5xx_hal_uart.o
 .debug_rnglists
                0x00001304       0x8c ./Drivers/STM32U5xx_HAL_Driver/Src/stm32u5xx_hal_uart_ex.o
 .debug_rnglists
                0x00001390       0x20 ./Drivers/STM32U5xx_HAL_Driver/Src/stm32u5xx_ll_dlyb.o
 .debug_rnglists
                0x000013b0       0x51 ./Drivers/STM32U5xx_HAL_Driver/Src/stm32u5xx_ll_gpio.o
 .debug_rnglists
                0x00001401      0x12b ./Drivers/STM32U5xx_HAL_Driver/Src/stm32u5xx_ll_usb.o

.debug_macro    0x00000000    0x3a2ca
 .debug_macro   0x00000000      0x3bc ./Core/Src/main.o
 .debug_macro   0x000003bc      0xae4 ./Core/Src/main.o
 .debug_macro   0x00000ea0      0x21f ./Core/Src/main.o
 .debug_macro   0x000010bf       0x2e ./Core/Src/main.o
 .debug_macro   0x000010ed       0x42 ./Core/Src/main.o
 .debug_macro   0x0000112f       0x22 ./Core/Src/main.o
 .debug_macro   0x00001151       0x8e ./Core/Src/main.o
 .debug_macro   0x000011df       0x51 ./Core/Src/main.o
 .debug_macro   0x00001230      0x103 ./Core/Src/main.o
 .debug_macro   0x00001333       0x6a ./Core/Src/main.o
 .debug_macro   0x0000139d      0x1df ./Core/Src/main.o
 .debug_macro   0x0000157c       0x1c ./Core/Src/main.o
 .debug_macro   0x00001598       0x29 ./Core/Src/main.o
 .debug_macro   0x000015c1       0xfb ./Core/Src/main.o
 .debug_macro   0x000016bc     0x1685 ./Core/Src/main.o
 .debug_macro   0x00002d41       0x5e ./Core/Src/main.o
 .debug_macro   0x00002d9f    0x23d05 ./Core/Src/main.o
 .debug_macro   0x00026aa4       0x6d ./Core/Src/main.o
 .debug_macro   0x00026b11     0x393e ./Core/Src/main.o
 .debug_macro   0x0002a44f      0x190 ./Core/Src/main.o
 .debug_macro   0x0002a5df       0x61 ./Core/Src/main.o
 .debug_macro   0x0002a640       0x2a ./Core/Src/main.o
 .debug_macro   0x0002a66a       0x43 ./Core/Src/main.o
 .debug_macro   0x0002a6ad       0x34 ./Core/Src/main.o
 .debug_macro   0x0002a6e1      0x370 ./Core/Src/main.o
 .debug_macro   0x0002aa51       0x16 ./Core/Src/main.o
 .debug_macro   0x0002aa67       0x4a ./Core/Src/main.o
 .debug_macro   0x0002aab1       0x34 ./Core/Src/main.o
 .debug_macro   0x0002aae5       0x10 ./Core/Src/main.o
 .debug_macro   0x0002aaf5       0x58 ./Core/Src/main.o
 .debug_macro   0x0002ab4d       0x8e ./Core/Src/main.o
 .debug_macro   0x0002abdb       0x1c ./Core/Src/main.o
 .debug_macro   0x0002abf7      0x185 ./Core/Src/main.o
 .debug_macro   0x0002ad7c      0x19b ./Core/Src/main.o
 .debug_macro   0x0002af17       0x5d ./Core/Src/main.o
 .debug_macro   0x0002af74     0x1bfd ./Core/Src/main.o
 .debug_macro   0x0002cb71      0x7ff ./Core/Src/main.o
 .debug_macro   0x0002d370      0x166 ./Core/Src/main.o
 .debug_macro   0x0002d4d6      0x2aa ./Core/Src/main.o
 .debug_macro   0x0002d780       0xc9 ./Core/Src/main.o
 .debug_macro   0x0002d849      0x5a5 ./Core/Src/main.o
 .debug_macro   0x0002ddee      0x439 ./Core/Src/main.o
 .debug_macro   0x0002e227       0xd6 ./Core/Src/main.o
 .debug_macro   0x0002e2fd      0x1cd ./Core/Src/main.o
 .debug_macro   0x0002e4ca      0x432 ./Core/Src/main.o
 .debug_macro   0x0002e8fc       0x95 ./Core/Src/main.o
 .debug_macro   0x0002e991      0x11c ./Core/Src/main.o
 .debug_macro   0x0002eaad      0x23a ./Core/Src/main.o
 .debug_macro   0x0002ece7      0x123 ./Core/Src/main.o
 .debug_macro   0x0002ee0a       0xa5 ./Core/Src/main.o
 .debug_macro   0x0002eeaf      0x525 ./Core/Src/main.o
 .debug_macro   0x0002f3d4      0x4bf ./Core/Src/main.o
 .debug_macro   0x0002f893       0x1c ./Core/Src/main.o
 .debug_macro   0x0002f8af      0x520 ./Core/Src/main.o
 .debug_macro   0x0002fdcf      0x5cf ./Core/Src/main.o
 .debug_macro   0x0003039e       0xee ./Core/Src/main.o
 .debug_macro   0x0003048c       0xeb ./Core/Src/main.o
 .debug_macro   0x00030577      0x677 ./Core/Src/main.o
 .debug_macro   0x00030bee      0x1a1 ./Core/Src/main.o
 .debug_macro   0x00030d8f      0x2b6 ./Core/Src/main.o
 .debug_macro   0x00031045       0x82 ./Core/Src/main.o
 .debug_macro   0x000310c7      0x1c0 ./Core/Src/main.o
 .debug_macro   0x00031287      0x6bd ./Core/Src/main.o
 .debug_macro   0x00031944      0x558 ./Core/Src/main.o
 .debug_macro   0x00031e9c      0x361 ./Core/Src/main.o
 .debug_macro   0x000321fd      0x2b6 ./Core/Src/main.o
 .debug_macro   0x000324b3      0x384 ./Core/Src/main.o
 .debug_macro   0x00032837      0x165 ./Core/Src/main.o
 .debug_macro   0x0003299c      0xacb ./Core/Src/main.o
 .debug_macro   0x00033467      0x2a0 ./Core/Src/main.o
 .debug_macro   0x00033707       0xed ./Core/Src/main.o
 .debug_macro   0x000337f4      0x4e1 ./Core/Src/main.o
 .debug_macro   0x00033cd5      0x167 ./Core/Src/main.o
 .debug_macro   0x00033e3c      0x8dc ./Core/Src/main.o
 .debug_macro   0x00034718      0x19a ./Core/Src/main.o
 .debug_macro   0x000348b2      0x321 ./Core/Src/main.o
 .debug_macro   0x00034bd3       0x16 ./Core/Src/main.o
 .debug_macro   0x00034be9       0x3c ./Core/Src/main.o
 .debug_macro   0x00034c25       0x20 ./Core/Src/main.o
 .debug_macro   0x00034c45       0x1c ./Core/Src/main.o
 .debug_macro   0x00034c61       0x10 ./Core/Src/main.o
 .debug_macro   0x00034c71       0x1c ./Core/Src/main.o
 .debug_macro   0x00034c8d       0x16 ./Core/Src/main.o
 .debug_macro   0x00034ca3      0x146 ./Core/Src/main.o
 .debug_macro   0x00034de9      0x11f ./Core/Src/main.o
 .debug_macro   0x00034f08      0x34f ./Core/Src/stm32u5xx_hal_msp.o
 .debug_macro   0x00035257      0x359 ./Core/Src/stm32u5xx_it.o
 .debug_macro   0x000355b0      0x112 ./Core/Src/sysmem.o
 .debug_macro   0x000356c2      0x23c ./Core/Src/sysmem.o
 .debug_macro   0x000358fe      0x2ed ./Core/Src/system_stm32u5xx.o
 .debug_macro   0x00035beb      0x30a ./Drivers/STM32U5xx_HAL_Driver/Src/stm32u5xx_hal.o
 .debug_macro   0x00035ef5      0x2e6 ./Drivers/STM32U5xx_HAL_Driver/Src/stm32u5xx_hal_cortex.o
 .debug_macro   0x000361db      0x2e7 ./Drivers/STM32U5xx_HAL_Driver/Src/stm32u5xx_hal_dma.o
 .debug_macro   0x000364c2      0x3f8 ./Drivers/STM32U5xx_HAL_Driver/Src/stm32u5xx_hal_fdcan.o
 .debug_macro   0x000368ba      0x31b ./Drivers/STM32U5xx_HAL_Driver/Src/stm32u5xx_hal_gpio.o
 .debug_macro   0x00036bd5      0x3b2 ./Drivers/STM32U5xx_HAL_Driver/Src/stm32u5xx_hal_i2c.o
 .debug_macro   0x00036f87      0x2e6 ./Drivers/STM32U5xx_HAL_Driver/Src/stm32u5xx_hal_i2c_ex.o
 .debug_macro   0x0003726d      0x318 ./Drivers/STM32U5xx_HAL_Driver/Src/stm32u5xx_hal_icache.o
 .debug_macro   0x00037585      0x2ee ./Drivers/STM32U5xx_HAL_Driver/Src/stm32u5xx_hal_mdf.o
 .debug_macro   0x00037873      0x32d ./Drivers/STM32U5xx_HAL_Driver/Src/stm32u5xx_hal_ospi.o
 .debug_macro   0x00037ba0      0x2f2 ./Drivers/STM32U5xx_HAL_Driver/Src/stm32u5xx_hal_pcd.o
 .debug_macro   0x00037e92      0x2e6 ./Drivers/STM32U5xx_HAL_Driver/Src/stm32u5xx_hal_pcd_ex.o
 .debug_macro   0x00038178      0x311 ./Drivers/STM32U5xx_HAL_Driver/Src/stm32u5xx_hal_pwr_ex.o
 .debug_macro   0x00038489      0x3ec ./Drivers/STM32U5xx_HAL_Driver/Src/stm32u5xx_hal_rcc.o
 .debug_macro   0x00038875      0x417 ./Drivers/STM32U5xx_HAL_Driver/Src/stm32u5xx_hal_rcc_ex.o
 .debug_macro   0x00038c8c      0x2ee ./Drivers/STM32U5xx_HAL_Driver/Src/stm32u5xx_hal_spi.o
 .debug_macro   0x00038f7a      0x2e6 ./Drivers/STM32U5xx_HAL_Driver/Src/stm32u5xx_hal_spi_ex.o
 .debug_macro   0x00039260      0x311 ./Drivers/STM32U5xx_HAL_Driver/Src/stm32u5xx_hal_uart.o
 .debug_macro   0x00039571      0x2f2 ./Drivers/STM32U5xx_HAL_Driver/Src/stm32u5xx_hal_uart_ex.o
 .debug_macro   0x00039863      0x2f8 ./Drivers/STM32U5xx_HAL_Driver/Src/stm32u5xx_ll_dlyb.o
 .debug_macro   0x00039b5b      0x328 ./Drivers/STM32U5xx_HAL_Driver/Src/stm32u5xx_ll_gpio.o
 .debug_macro   0x00039e83      0x161 ./Drivers/STM32U5xx_HAL_Driver/Src/stm32u5xx_ll_gpio.o
 .debug_macro   0x00039fe4      0x2e6 ./Drivers/STM32U5xx_HAL_Driver/Src/stm32u5xx_ll_usb.o

.debug_line     0x00000000    0x231df
 .debug_line    0x00000000     0x11b7 ./Core/Src/main.o
 .debug_line    0x000011b7      0xdc3 ./Core/Src/stm32u5xx_hal_msp.o
 .debug_line    0x00001f7a      0xa36 ./Core/Src/stm32u5xx_it.o
 .debug_line    0x000029b0      0x4bd ./Core/Src/sysmem.o
 .debug_line    0x00002e6d      0x9a4 ./Core/Src/system_stm32u5xx.o
 .debug_line    0x00003811       0x79 ./Core/Startup/startup_stm32u585aiixq.o
 .debug_line    0x0000388a      0xd49 ./Drivers/STM32U5xx_HAL_Driver/Src/stm32u5xx_hal.o
 .debug_line    0x000045d3      0xef3 ./Drivers/STM32U5xx_HAL_Driver/Src/stm32u5xx_hal_cortex.o
 .debug_line    0x000054c6     0x1332 ./Drivers/STM32U5xx_HAL_Driver/Src/stm32u5xx_hal_dma.o
 .debug_line    0x000067f8     0x1a12 ./Drivers/STM32U5xx_HAL_Driver/Src/stm32u5xx_hal_fdcan.o
 .debug_line    0x0000820a      0xe52 ./Drivers/STM32U5xx_HAL_Driver/Src/stm32u5xx_hal_gpio.o
 .debug_line    0x0000905c     0x3bae ./Drivers/STM32U5xx_HAL_Driver/Src/stm32u5xx_hal_i2c.o
 .debug_line    0x0000cc0a      0xaf0 ./Drivers/STM32U5xx_HAL_Driver/Src/stm32u5xx_hal_i2c_ex.o
 .debug_line    0x0000d6fa      0xb96 ./Drivers/STM32U5xx_HAL_Driver/Src/stm32u5xx_hal_icache.o
 .debug_line    0x0000e290     0x2246 ./Drivers/STM32U5xx_HAL_Driver/Src/stm32u5xx_hal_mdf.o
 .debug_line    0x000104d6     0x1bc2 ./Drivers/STM32U5xx_HAL_Driver/Src/stm32u5xx_hal_ospi.o
 .debug_line    0x00012098     0x15c0 ./Drivers/STM32U5xx_HAL_Driver/Src/stm32u5xx_hal_pcd.o
 .debug_line    0x00013658      0xaaa ./Drivers/STM32U5xx_HAL_Driver/Src/stm32u5xx_hal_pcd_ex.o
 .debug_line    0x00014102     0x1230 ./Drivers/STM32U5xx_HAL_Driver/Src/stm32u5xx_hal_pwr_ex.o
 .debug_line    0x00015332     0x1730 ./Drivers/STM32U5xx_HAL_Driver/Src/stm32u5xx_hal_rcc.o
 .debug_line    0x00016a62     0x2399 ./Drivers/STM32U5xx_HAL_Driver/Src/stm32u5xx_hal_rcc_ex.o
 .debug_line    0x00018dfb     0x25b9 ./Drivers/STM32U5xx_HAL_Driver/Src/stm32u5xx_hal_spi.o
 .debug_line    0x0001b3b4      0xa83 ./Drivers/STM32U5xx_HAL_Driver/Src/stm32u5xx_hal_spi_ex.o
 .debug_line    0x0001be37     0x351d ./Drivers/STM32U5xx_HAL_Driver/Src/stm32u5xx_hal_uart.o
 .debug_line    0x0001f354      0xee2 ./Drivers/STM32U5xx_HAL_Driver/Src/stm32u5xx_hal_uart_ex.o
 .debug_line    0x00020236      0x992 ./Drivers/STM32U5xx_HAL_Driver/Src/stm32u5xx_ll_dlyb.o
 .debug_line    0x00020bc8      0xc6d ./Drivers/STM32U5xx_HAL_Driver/Src/stm32u5xx_ll_gpio.o
 .debug_line    0x00021835     0x19aa ./Drivers/STM32U5xx_HAL_Driver/Src/stm32u5xx_ll_usb.o

.debug_str      0x00000000   0x1673a2
 .debug_str     0x00000000   0x1673a2 ./Core/Src/main.o
                             0x15e8e3 (size before relaxing)
 .debug_str     0x001673a2   0x15d337 ./Core/Src/stm32u5xx_hal_msp.o
 .debug_str     0x001673a2   0x15b65d ./Core/Src/stm32u5xx_it.o
 .debug_str     0x001673a2     0x77a6 ./Core/Src/sysmem.o
 .debug_str     0x001673a2   0x148b36 ./Core/Src/system_stm32u5xx.o
 .debug_str     0x001673a2       0x72 ./Core/Startup/startup_stm32u585aiixq.o
 .debug_str     0x001673a2   0x1499e2 ./Drivers/STM32U5xx_HAL_Driver/Src/stm32u5xx_hal.o
 .debug_str     0x001673a2   0x1497b1 ./Drivers/STM32U5xx_HAL_Driver/Src/stm32u5xx_hal_cortex.o
 .debug_str     0x001673a2   0x148eba ./Drivers/STM32U5xx_HAL_Driver/Src/stm32u5xx_hal_dma.o
 .debug_str     0x001673a2   0x149f2a ./Drivers/STM32U5xx_HAL_Driver/Src/stm32u5xx_hal_fdcan.o
 .debug_str     0x001673a2   0x148b5b ./Drivers/STM32U5xx_HAL_Driver/Src/stm32u5xx_hal_gpio.o
 .debug_str     0x001673a2   0x149d84 ./Drivers/STM32U5xx_HAL_Driver/Src/stm32u5xx_hal_i2c.o
 .debug_str     0x001673a2   0x148f6c ./Drivers/STM32U5xx_HAL_Driver/Src/stm32u5xx_hal_i2c_ex.o
 .debug_str     0x001673a2   0x148e58 ./Drivers/STM32U5xx_HAL_Driver/Src/stm32u5xx_hal_icache.o
 .debug_str     0x001673a2   0x1496a3 ./Drivers/STM32U5xx_HAL_Driver/Src/stm32u5xx_hal_mdf.o
 .debug_str     0x001673a2   0x14984b ./Drivers/STM32U5xx_HAL_Driver/Src/stm32u5xx_hal_ospi.o
 .debug_str     0x001673a2   0x14941f ./Drivers/STM32U5xx_HAL_Driver/Src/stm32u5xx_hal_pcd.o
 .debug_str     0x001673a2   0x148dbd ./Drivers/STM32U5xx_HAL_Driver/Src/stm32u5xx_hal_pcd_ex.o
 .debug_str     0x001673a2   0x149276 ./Drivers/STM32U5xx_HAL_Driver/Src/stm32u5xx_hal_pwr_ex.o
 .debug_str     0x001673a2   0x14a22b ./Drivers/STM32U5xx_HAL_Driver/Src/stm32u5xx_hal_rcc.o
 .debug_str     0x001673a2   0x14b51e ./Drivers/STM32U5xx_HAL_Driver/Src/stm32u5xx_hal_rcc_ex.o
 .debug_str     0x001673a2   0x14942a ./Drivers/STM32U5xx_HAL_Driver/Src/stm32u5xx_hal_spi.o
 .debug_str     0x001673a2   0x148f9a ./Drivers/STM32U5xx_HAL_Driver/Src/stm32u5xx_hal_spi_ex.o
 .debug_str     0x001673a2   0x1497fd ./Drivers/STM32U5xx_HAL_Driver/Src/stm32u5xx_hal_uart.o
 .debug_str     0x001673a2   0x1492af ./Drivers/STM32U5xx_HAL_Driver/Src/stm32u5xx_hal_uart_ex.o
 .debug_str     0x001673a2   0x148872 ./Drivers/STM32U5xx_HAL_Driver/Src/stm32u5xx_ll_dlyb.o
 .debug_str     0x001673a2   0x14b12b ./Drivers/STM32U5xx_HAL_Driver/Src/stm32u5xx_ll_gpio.o
 .debug_str     0x001673a2   0x1490bc ./Drivers/STM32U5xx_HAL_Driver/Src/stm32u5xx_ll_usb.o

.comment        0x00000000       0x43
 .comment       0x00000000       0x43 ./Core/Src/main.o
                                 0x44 (size before relaxing)
 .comment       0x00000043       0x44 ./Core/Src/stm32u5xx_hal_msp.o
 .comment       0x00000043       0x44 ./Core/Src/stm32u5xx_it.o
 .comment       0x00000043       0x44 ./Core/Src/sysmem.o
 .comment       0x00000043       0x44 ./Core/Src/system_stm32u5xx.o
 .comment       0x00000043       0x44 ./Drivers/STM32U5xx_HAL_Driver/Src/stm32u5xx_hal.o
 .comment       0x00000043       0x44 ./Drivers/STM32U5xx_HAL_Driver/Src/stm32u5xx_hal_cortex.o
 .comment       0x00000043       0x44 ./Drivers/STM32U5xx_HAL_Driver/Src/stm32u5xx_hal_dma.o
 .comment       0x00000043       0x44 ./Drivers/STM32U5xx_HAL_Driver/Src/stm32u5xx_hal_fdcan.o
 .comment       0x00000043       0x44 ./Drivers/STM32U5xx_HAL_Driver/Src/stm32u5xx_hal_gpio.o